// Vitest Snapshot v1, https://vitest.dev/guide/snapshot.html

exports[`우주 생성물 골든 마스터 > PALETTE_FAMILIES 구조가 영구히 같다 (셰이드 순서 포함) 1`] = `
{
  "ember": [
    {
      "accent": "#ffd166",
      "primary": "#ff6b35",
      "secondary": "#7a2e12",
    },
    {
      "accent": "#ffb627",
      "primary": "#e84545",
      "secondary": "#5c1a1a",
    },
    {
      "accent": "#fff275",
      "primary": "#ff8c42",
      "secondary": "#8c3a1d",
    },
  ],
  "flora": [
    {
      "accent": "#e9f5db",
      "primary": "#80b918",
      "secondary": "#2b5114",
    },
    {
      "accent": "#d8f3dc",
      "primary": "#52b788",
      "secondary": "#1b4332",
    },
    {
      "accent": "#f4fdd9",
      "primary": "#aacc00",
      "secondary": "#3a5a40",
    },
  ],
  "ice": [
    {
      "accent": "#eaf6ff",
      "primary": "#a2d6f9",
      "secondary": "#3066be",
    },
    {
      "accent": "#f0f9ff",
      "primary": "#b8e1ff",
      "secondary": "#2c6e9e",
    },
    {
      "accent": "#e8feff",
      "primary": "#9bf6ff",
      "secondary": "#2f7686",
    },
  ],
  "nebula": [
    {
      "accent": "#fcd5ce",
      "primary": "#f72585",
      "secondary": "#560bad",
    },
    {
      "accent": "#ffd6e0",
      "primary": "#ff70a6",
      "secondary": "#6a2c70",
    },
    {
      "accent": "#ffe5ec",
      "primary": "#e56b6f",
      "secondary": "#553772",
    },
  ],
  "ocean": [
    {
      "accent": "#cbf3f0",
      "primary": "#2ec4b6",
      "secondary": "#0b3954",
    },
    {
      "accent": "#8ecae6",
      "primary": "#3a86ff",
      "secondary": "#14213d",
    },
    {
      "accent": "#d0f4ff",
      "primary": "#48bfe3",
      "secondary": "#1b4965",
    },
  ],
  "sand": [
    {
      "accent": "#faedcd",
      "primary": "#d4a373",
      "secondary": "#6b4d2e",
    },
    {
      "accent": "#f2e9e4",
      "primary": "#c9ada7",
      "secondary": "#5e4b45",
    },
    {
      "accent": "#fff3b0",
      "primary": "#e6b800",
      "secondary": "#7d6608",
    },
  ],
  "toxic": [
    {
      "accent": "#f5ff9e",
      "primary": "#ccff33",
      "secondary": "#3e6212",
    },
    {
      "accent": "#defc9d",
      "primary": "#70e000",
      "secondary": "#274e13",
    },
    {
      "accent": "#fbffd6",
      "primary": "#d9ff5b",
      "secondary": "#506b1f",
    },
  ],
  "violet": [
    {
      "accent": "#e0aaff",
      "primary": "#9d4edd",
      "secondary": "#3c096c",
    },
    {
      "accent": "#c77dff",
      "primary": "#7b2cbf",
      "secondary": "#2a0a4a",
    },
    {
      "accent": "#efd3ff",
      "primary": "#b185db",
      "secondary": "#4a2570",
    },
  ],
}
`;

exports[`우주 생성물 골든 마스터 > SPECIES_CATALOG 전체 구조가 영구히 같다 (allowedParts 내부 순서 포함) 1`] = `
[
  {
    "allowedParts": {
      "appendage": [
        "app01",
        "app04",
        "app07",
      ],
      "eyes": [
        "eyes01",
        "eyes06",
        "eyes11",
        "eyes16",
      ],
      "mouth": [
        "mouth01",
        "mouth06",
        "mouth11",
      ],
      "pattern": [
        "pat01",
        "pat04",
        "pat07",
      ],
    },
    "fixedParts": {
      "body": "body01",
    },
    "id": "sp001",
    "lore": "불꽃처럼 반짝이는 주황빛 피부로 쉽게 알아볼 수 있다. 따뜻한 행성의 화산 지대 근처에서 자주 목격되며, 열원을 찾아 이동하는 습성이 있다.",
    "name": "Glofang",
    "paletteFamily": "ember",
    "rarity": "common",
  },
  {
    "allowedParts": {
      "appendage": [
        "app06",
        "app09",
        "app12",
      ],
      "eyes": [
        "eyes04",
        "eyes09",
        "eyes14",
        "eyes03",
      ],
      "mouth": [
        "mouth03",
        "mouth08",
        "mouth01",
      ],
      "pattern": [
        "pat05",
        "pat08",
        "pat01",
      ],
    },
    "fixedParts": {
      "body": "body02",
    },
    "id": "sp002",
    "lore": "청록빛 몸통과 물결치는 막이 특징인 아주 흔한 종족. 수분이 풍부한 환경에서 번성하며, 작은 군집을 이루어 함께 생활한다.",
    "name": "Zefnib",
    "paletteFamily": "ocean",
    "rarity": "common",
  },
  {
    "allowedParts": {
      "appendage": [
        "app11",
        "app14",
        "app03",
      ],
      "eyes": [
        "eyes07",
        "eyes12",
        "eyes01",
        "eyes06",
      ],
      "mouth": [
        "mouth05",
        "mouth10",
        "mouth03",
      ],
      "pattern": [
        "pat09",
        "pat02",
        "pat05",
      ],
    },
    "fixedParts": {
      "body": "body03",
    },
    "id": "sp003",
    "lore": "초록빛 줄기 형태의 부속지를 지닌 온순한 종족. 광합성에 가까운 대사 작용을 가지며, 햇빛이 풍부한 행성 표면에서 군락을 이룬다.",
    "name": "Marawink",
    "paletteFamily": "flora",
    "rarity": "common",
  },
  {
    "allowedParts": {
      "appendage": [
        "app02",
        "app05",
        "app08",
      ],
      "eyes": [
        "eyes10",
        "eyes15",
        "eyes04",
        "eyes09",
      ],
      "mouth": [
        "mouth07",
        "mouth12",
        "mouth05",
      ],
      "pattern": [
        "pat03",
        "pat06",
        "pat09",
      ],
    },
    "fixedParts": {
      "body": "body04",
    },
    "id": "sp004",
    "lore": "자주빛 막이 신체 전반에 퍼져 있는 소형 종족. 행성 대기의 미세한 변화를 감지하는 능력이 있어 폭풍 전에 자취를 감춘다.",
    "name": "Quilgle",
    "paletteFamily": "violet",
    "rarity": "common",
  },
  {
    "allowedParts": {
      "appendage": [
        "app07",
        "app10",
        "app13",
      ],
      "eyes": [
        "eyes13",
        "eyes02",
        "eyes07",
        "eyes12",
      ],
      "mouth": [
        "mouth09",
        "mouth02",
        "mouth07",
      ],
      "pattern": [
        "pat07",
        "pat10",
        "pat03",
      ],
    },
    "fixedParts": {
      "body": "body05",
    },
    "id": "sp005",
    "lore": "모래색 외피가 사막 행성의 표토와 거의 구별되지 않는다. 건조한 환경에서 놀라울 정도로 오래 생존하며, 분비물로 수분을 저장한다.",
    "name": "Bompod",
    "paletteFamily": "sand",
    "rarity": "common",
  },
  {
    "allowedParts": {
      "appendage": [
        "app12",
        "app01",
        "app04",
      ],
      "eyes": [
        "eyes16",
        "eyes05",
        "eyes10",
        "eyes15",
      ],
      "mouth": [
        "mouth11",
        "mouth04",
        "mouth09",
      ],
      "pattern": [
        "pat01",
        "pat04",
        "pat07",
      ],
    },
    "fixedParts": {
      "body": "body06",
    },
    "id": "sp006",
    "lore": "얼음 행성의 결빙 지형을 닮은 반투명 외피를 가진다. 체온이 낮아 극지방에서도 활동적이며, 수정질 표면이 빛을 산란시킨다.",
    "name": "Serayarn",
    "paletteFamily": "ice",
    "rarity": "common",
  },
  {
    "allowedParts": {
      "appendage": [
        "app03",
        "app06",
        "app09",
      ],
      "eyes": [
        "eyes03",
        "eyes08",
        "eyes13",
        "eyes02",
      ],
      "mouth": [
        "mouth01",
        "mouth06",
        "mouth11",
      ],
      "pattern": [
        "pat05",
        "pat08",
        "pat01",
      ],
    },
    "fixedParts": {
      "body": "body07",
    },
    "id": "sp007",
    "lore": "황록빛 피부에서 약한 독성 물질을 분비한다. 자신을 보호하기 위한 화학 방어 기제이며, 숙련된 탐험가는 특유의 냄새로 접근을 알아챈다.",
    "name": "Tikohorn",
    "paletteFamily": "toxic",
    "rarity": "common",
  },
  {
    "allowedParts": {
      "appendage": [
        "app08",
        "app11",
        "app14",
      ],
      "eyes": [
        "eyes06",
        "eyes11",
        "eyes16",
        "eyes05",
      ],
      "mouth": [
        "mouth03",
        "mouth08",
        "mouth01",
      ],
      "pattern": [
        "pat09",
        "pat02",
        "pat05",
      ],
    },
    "fixedParts": {
      "body": "body08",
    },
    "id": "sp008",
    "lore": "성운을 연상시키는 보랏빛과 분홍빛이 뒤섞인 몸통을 가진 종족. 야간에 약한 생체 발광을 보이며, 우주 방사선에 민감하게 반응한다.",
    "name": "Velquill",
    "paletteFamily": "nebula",
    "rarity": "common",
  },
  {
    "allowedParts": {
      "appendage": [
        "app13",
        "app02",
        "app05",
      ],
      "eyes": [
        "eyes09",
        "eyes14",
        "eyes03",
        "eyes08",
      ],
      "mouth": [
        "mouth05",
        "mouth10",
        "mouth03",
      ],
      "pattern": [
        "pat03",
        "pat06",
        "pat09",
      ],
    },
    "fixedParts": {
      "body": "body09",
    },
    "id": "sp009",
    "lore": "짧은 다리와 넓은 몸통에서 열기를 발산하는 소형 종족. 화산 행성에서 자주 발견되며, 뜨거운 암석 위에서 휴식을 취하는 모습이 관찰된다.",
    "name": "Nimzest",
    "paletteFamily": "ember",
    "rarity": "common",
  },
  {
    "allowedParts": {
      "appendage": [
        "app04",
        "app07",
        "app10",
      ],
      "eyes": [
        "eyes12",
        "eyes01",
        "eyes06",
        "eyes11",
      ],
      "mouth": [
        "mouth07",
        "mouth12",
        "mouth05",
      ],
      "pattern": [
        "pat07",
        "pat10",
        "pat03",
      ],
    },
    "fixedParts": {
      "body": "body10",
    },
    "id": "sp010",
    "lore": "투명한 젤리 형태의 몸통과 반짝이는 파란 무늬가 특징. 대기 중에서도 이동이 가능하지만 물이 풍부한 환경을 선호한다.",
    "name": "Oxajell",
    "paletteFamily": "ocean",
    "rarity": "common",
  },
  {
    "allowedParts": {
      "appendage": [
        "app09",
        "app12",
        "app01",
      ],
      "eyes": [
        "eyes15",
        "eyes04",
        "eyes09",
        "eyes14",
      ],
      "mouth": [
        "mouth09",
        "mouth02",
        "mouth07",
      ],
      "pattern": [
        "pat01",
        "pat04",
        "pat07",
      ],
    },
    "fixedParts": {
      "body": "body11",
    },
    "id": "sp011",
    "lore": "짙은 녹색의 외피와 잎 형태의 돌기가 특징인 식물형 종족. 토양이 비옥한 행성에서 흔히 발견되며, 주변 환경과 색을 맞춘다.",
    "name": "Pjurell",
    "paletteFamily": "flora",
    "rarity": "common",
  },
  {
    "allowedParts": {
      "appendage": [
        "app14",
        "app03",
        "app06",
      ],
      "eyes": [
        "eyes02",
        "eyes07",
        "eyes12",
        "eyes01",
      ],
      "mouth": [
        "mouth11",
        "mouth04",
        "mouth09",
      ],
      "pattern": [
        "pat05",
        "pat08",
        "pat01",
      ],
    },
    "fixedParts": {
      "body": "body12",
    },
    "id": "sp012",
    "lore": "보랏빛 작은 몸통과 예리한 눈이 특징인 기민한 종족. 빠른 이동 속도로 포식자를 피하며, 좁은 틈새에 잘 숨는다.",
    "name": "Rynbit",
    "paletteFamily": "violet",
    "rarity": "common",
  },
  {
    "allowedParts": {
      "appendage": [
        "app05",
        "app08",
        "app11",
      ],
      "eyes": [
        "eyes05",
        "eyes10",
        "eyes15",
        "eyes04",
      ],
      "mouth": [
        "mouth01",
        "mouth06",
        "mouth11",
      ],
      "pattern": [
        "pat09",
        "pat02",
        "pat05",
      ],
    },
    "fixedParts": {
      "body": "body01",
    },
    "id": "sp013",
    "lore": "황토색 피부와 모래 입자처럼 거친 외피를 가진 종족. 사막 행성의 폭풍 속에서도 방향을 잃지 않으며, 집단 이주 본능이 강하다.",
    "name": "Sunikin",
    "paletteFamily": "sand",
    "rarity": "common",
  },
  {
    "allowedParts": {
      "appendage": [
        "app10",
        "app13",
        "app02",
      ],
      "eyes": [
        "eyes08",
        "eyes13",
        "eyes02",
        "eyes07",
      ],
      "mouth": [
        "mouth03",
        "mouth08",
        "mouth01",
      ],
      "pattern": [
        "pat03",
        "pat06",
        "pat09",
      ],
    },
    "fixedParts": {
      "body": "body02",
    },
    "id": "sp014",
    "lore": "흰빛 피부에서 미세한 포자를 방출하는 한랭 종족. 포자는 기온이 낮을수록 더 활발히 퍼지며, 일부 행성에서 첫눈처럼 내린다고 기록된다.",
    "name": "Tuluspore",
    "paletteFamily": "ice",
    "rarity": "common",
  },
  {
    "allowedParts": {
      "appendage": [
        "app01",
        "app04",
        "app07",
      ],
      "eyes": [
        "eyes11",
        "eyes16",
        "eyes05",
        "eyes10",
      ],
      "mouth": [
        "mouth05",
        "mouth10",
        "mouth03",
      ],
      "pattern": [
        "pat07",
        "pat10",
        "pat03",
      ],
    },
    "fixedParts": {
      "body": "body03",
    },
    "id": "sp015",
    "lore": "어두운 녹빛 몸통에서 흐릿한 독성 연기가 스며 나온다. 행동이 느리지만 접근을 허용하지 않는 화학 방어 범위를 유지한다.",
    "name": "Umbracor",
    "paletteFamily": "toxic",
    "rarity": "common",
  },
  {
    "allowedParts": {
      "appendage": [
        "app06",
        "app09",
        "app12",
      ],
      "eyes": [
        "eyes14",
        "eyes03",
        "eyes08",
        "eyes13",
      ],
      "mouth": [
        "mouth07",
        "mouth12",
        "mouth05",
      ],
      "pattern": [
        "pat01",
        "pat04",
        "pat07",
      ],
    },
    "fixedParts": {
      "body": "body04",
    },
    "id": "sp016",
    "lore": "성운빛으로 빛나는 섬유 형태의 부속지를 지닌 종족. 움직일 때마다 잔광이 남으며, 어두운 환경에서 아름다운 빛의 궤적을 그린다.",
    "name": "Wizloom",
    "paletteFamily": "nebula",
    "rarity": "common",
  },
  {
    "allowedParts": {
      "appendage": [
        "app11",
        "app14",
        "app03",
      ],
      "eyes": [
        "eyes01",
        "eyes06",
        "eyes11",
        "eyes16",
      ],
      "mouth": [
        "mouth09",
        "mouth02",
        "mouth07",
      ],
      "pattern": [
        "pat05",
        "pat08",
        "pat01",
      ],
    },
    "fixedParts": {
      "body": "body05",
    },
    "id": "sp017",
    "lore": "불꽃색 솜털이 온몸을 덮은 작고 온순한 종족. 따뜻한 환경을 좋아하며, 체온이 내려가면 솜털이 촘촘하게 뭉쳐 열을 보존한다.",
    "name": "Xelotuft",
    "paletteFamily": "ember",
    "rarity": "common",
  },
  {
    "allowedParts": {
      "appendage": [
        "app02",
        "app05",
        "app08",
      ],
      "eyes": [
        "eyes04",
        "eyes09",
        "eyes14",
        "eyes03",
      ],
      "mouth": [
        "mouth11",
        "mouth04",
        "mouth09",
      ],
      "pattern": [
        "pat09",
        "pat02",
        "pat05",
      ],
    },
    "fixedParts": {
      "body": "body06",
    },
    "id": "sp018",
    "lore": "해양 행성의 표층수에 사는 반유영 종족. 파란 줄무늬가 수면 아래에서 빛나며, 파도 패턴을 모방해 조류를 타고 이동한다.",
    "name": "Yuradell",
    "paletteFamily": "ocean",
    "rarity": "common",
  },
  {
    "allowedParts": {
      "appendage": [
        "app07",
        "app10",
        "app13",
      ],
      "eyes": [
        "eyes07",
        "eyes12",
        "eyes01",
        "eyes06",
      ],
      "mouth": [
        "mouth01",
        "mouth06",
        "mouth11",
      ],
      "pattern": [
        "pat03",
        "pat06",
        "pat09",
      ],
    },
    "fixedParts": {
      "body": "body07",
    },
    "id": "sp019",
    "lore": "이끼처럼 군락을 이루는 식생형 종족. 단독으로는 작지만 수백 개체가 모이면 행성 표면을 녹색 카펫처럼 덮는다.",
    "name": "Zonkmox",
    "paletteFamily": "flora",
    "rarity": "common",
  },
  {
    "allowedParts": {
      "appendage": [
        "app12",
        "app01",
        "app04",
      ],
      "eyes": [
        "eyes10",
        "eyes15",
        "eyes04",
        "eyes09",
      ],
      "mouth": [
        "mouth03",
        "mouth08",
        "mouth01",
      ],
      "pattern": [
        "pat07",
        "pat10",
        "pat03",
      ],
    },
    "fixedParts": {
      "body": "body08",
    },
    "id": "sp020",
    "lore": "자주빛 삼각형 구조의 몸통이 특징인 단순한 종족. 주변 유기물을 흡수하며 생존하고, 위협을 받으면 부드러운 진동음을 낸다.",
    "name": "Abovore",
    "paletteFamily": "violet",
    "rarity": "common",
  },
  {
    "allowedParts": {
      "appendage": [
        "app03",
        "app06",
        "app09",
      ],
      "eyes": [
        "eyes13",
        "eyes02",
        "eyes07",
        "eyes12",
      ],
      "mouth": [
        "mouth05",
        "mouth10",
        "mouth03",
      ],
      "pattern": [
        "pat01",
        "pat04",
        "pat07",
      ],
    },
    "fixedParts": {
      "body": "body09",
    },
    "id": "sp021",
    "lore": "사막 적응형 Glofang 변종으로, 모래빛 색소가 더 짙다. 건조한 환경에서도 활발하며, 뜨거운 모래 속에 반쯤 잠겨 열기를 흡수한다.",
    "name": "Glofang",
    "paletteFamily": "sand",
    "rarity": "common",
  },
  {
    "allowedParts": {
      "appendage": [
        "app08",
        "app11",
        "app14",
      ],
      "eyes": [
        "eyes16",
        "eyes05",
        "eyes10",
        "eyes15",
      ],
      "mouth": [
        "mouth07",
        "mouth12",
        "mouth05",
      ],
      "pattern": [
        "pat05",
        "pat08",
        "pat01",
      ],
    },
    "fixedParts": {
      "body": "body10",
    },
    "id": "sp022",
    "lore": "극지방 환경에 적응한 Zefnib 변종. 결빙된 표면을 미끄러져 이동하며, 추위에 강화된 막이 비정상적으로 두껍다.",
    "name": "Zefnib",
    "paletteFamily": "ice",
    "rarity": "common",
  },
  {
    "allowedParts": {
      "appendage": [
        "app13",
        "app02",
        "app05",
      ],
      "eyes": [
        "eyes03",
        "eyes08",
        "eyes13",
        "eyes02",
      ],
      "mouth": [
        "mouth09",
        "mouth02",
        "mouth07",
      ],
      "pattern": [
        "pat09",
        "pat02",
        "pat05",
      ],
    },
    "fixedParts": {
      "body": "body11",
    },
    "id": "sp023",
    "lore": "독성 환경에 적응한 Marawink 변종. 녹빛 줄기가 부식성 대기를 흡수하여 에너지로 변환하는 특수 대사를 보인다.",
    "name": "Marawink",
    "paletteFamily": "toxic",
    "rarity": "common",
  },
  {
    "allowedParts": {
      "appendage": [
        "app04",
        "app07",
        "app10",
      ],
      "eyes": [
        "eyes06",
        "eyes11",
        "eyes16",
        "eyes05",
      ],
      "mouth": [
        "mouth11",
        "mouth04",
        "mouth09",
      ],
      "pattern": [
        "pat03",
        "pat06",
        "pat09",
      ],
    },
    "fixedParts": {
      "body": "body12",
    },
    "id": "sp024",
    "lore": "성운 지역 근방 행성에서 발견된 Quilgle 변종. 몸에서 미약한 전자기 방사선이 감지되며, 야간에 희미하게 빛난다.",
    "name": "Quilgle",
    "paletteFamily": "nebula",
    "rarity": "common",
  },
  {
    "allowedParts": {
      "appendage": [
        "app09",
        "app12",
        "app01",
      ],
      "eyes": [
        "eyes09",
        "eyes14",
        "eyes03",
        "eyes08",
      ],
      "mouth": [
        "mouth01",
        "mouth06",
        "mouth11",
      ],
      "pattern": [
        "pat07",
        "pat10",
        "pat03",
      ],
    },
    "fixedParts": {
      "body": "body01",
    },
    "id": "sp025",
    "lore": "화산 행성에 서식하는 Bompod 변종. 주황빛 몸통이 뜨거운 용암 지형과 어우러지며, 열에 대한 내성이 일반 변종보다 두 배 강하다.",
    "name": "Bompod",
    "paletteFamily": "ember",
    "rarity": "common",
  },
  {
    "allowedParts": {
      "appendage": [
        "app14",
        "app03",
        "app06",
      ],
      "eyes": [
        "eyes12",
        "eyes01",
        "eyes06",
        "eyes11",
      ],
      "mouth": [
        "mouth03",
        "mouth08",
        "mouth01",
      ],
      "pattern": [
        "pat01",
        "pat04",
        "pat07",
      ],
    },
    "fixedParts": {
      "body": "body02",
    },
    "id": "sp026",
    "lore": "해양 환경에 적응한 Serayarn 변종. 반투명한 막이 물속에서도 호흡을 가능하게 하며, 깊은 바다 속에서도 활동적이다.",
    "name": "Serayarn",
    "paletteFamily": "ocean",
    "rarity": "common",
  },
  {
    "allowedParts": {
      "appendage": [
        "app05",
        "app08",
        "app11",
      ],
      "eyes": [
        "eyes15",
        "eyes04",
        "eyes09",
        "eyes14",
      ],
      "mouth": [
        "mouth05",
        "mouth10",
        "mouth03",
      ],
      "pattern": [
        "pat05",
        "pat08",
        "pat01",
      ],
    },
    "fixedParts": {
      "body": "body03",
    },
    "id": "sp027",
    "lore": "초목이 무성한 환경의 Tikohorn 변종. 독소 성분이 식물성 화합물로 변화하여, 정글 행성 탐험가에게는 덜 위험하다.",
    "name": "Tikohorn",
    "paletteFamily": "flora",
    "rarity": "common",
  },
  {
    "allowedParts": {
      "appendage": [
        "app10",
        "app13",
        "app02",
      ],
      "eyes": [
        "eyes02",
        "eyes07",
        "eyes12",
        "eyes01",
      ],
      "mouth": [
        "mouth07",
        "mouth12",
        "mouth05",
      ],
      "pattern": [
        "pat09",
        "pat02",
        "pat05",
      ],
    },
    "fixedParts": {
      "body": "body04",
    },
    "id": "sp028",
    "lore": "자주빛으로 특화된 Velquill 변종. 보랏빛 필라멘트가 더욱 정교하며, 동종끼리 생체 신호로 통신한다는 기록이 있다.",
    "name": "Velquill",
    "paletteFamily": "violet",
    "rarity": "common",
  },
  {
    "allowedParts": {
      "appendage": [
        "app01",
        "app04",
        "app07",
      ],
      "eyes": [
        "eyes05",
        "eyes10",
        "eyes15",
        "eyes04",
      ],
      "mouth": [
        "mouth09",
        "mouth02",
        "mouth07",
      ],
      "pattern": [
        "pat03",
        "pat06",
        "pat09",
      ],
    },
    "fixedParts": {
      "body": "body05",
    },
    "id": "sp029",
    "lore": "건조한 행성에 서식하는 Nimzest 변종. 열 발산 능력이 일반 변종보다 약하지만, 모래 폭풍 속에서도 방향을 찾는 내비게이션 능력이 뛰어나다.",
    "name": "Nimzest",
    "paletteFamily": "sand",
    "rarity": "common",
  },
  {
    "allowedParts": {
      "appendage": [
        "app06",
        "app09",
        "app12",
      ],
      "eyes": [
        "eyes08",
        "eyes13",
        "eyes02",
        "eyes07",
      ],
      "mouth": [
        "mouth11",
        "mouth04",
        "mouth09",
      ],
      "pattern": [
        "pat07",
        "pat10",
        "pat03",
      ],
    },
    "fixedParts": {
      "body": "body06",
    },
    "id": "sp030",
    "lore": "극지방 해양에 서식하는 Oxajell 변종. 젤리 형태의 몸통이 저온에서 굳어 반결정질 형태가 되며, 얼음 아래 해저를 유영한다.",
    "name": "Oxajell",
    "paletteFamily": "ice",
    "rarity": "common",
  },
  {
    "allowedParts": {
      "appendage": [
        "app11",
        "app14",
        "app03",
      ],
      "eyes": [
        "eyes11",
        "eyes16",
        "eyes05",
        "eyes10",
      ],
      "mouth": [
        "mouth01",
        "mouth06",
        "mouth11",
      ],
      "pattern": [
        "pat01",
        "pat04",
        "pat07",
      ],
    },
    "fixedParts": {
      "body": "body07",
    },
    "id": "sp031",
    "lore": "독성 행성에 적응한 Pjurell 변종. 녹빛 외피가 부식성 토양에서 영양분을 직접 흡수하며, 오염된 환경에서 오히려 번성한다.",
    "name": "Pjurell",
    "paletteFamily": "toxic",
    "rarity": "common",
  },
  {
    "allowedParts": {
      "appendage": [
        "app02",
        "app05",
        "app08",
      ],
      "eyes": [
        "eyes14",
        "eyes03",
        "eyes08",
        "eyes13",
      ],
      "mouth": [
        "mouth03",
        "mouth08",
        "mouth01",
      ],
      "pattern": [
        "pat05",
        "pat08",
        "pat01",
      ],
    },
    "fixedParts": {
      "body": "body08",
    },
    "id": "sp032",
    "lore": "성운 지역에서 발견된 Rynbit 변종. 보랏빛 몸통에 미세한 형광 점이 흩어져 있으며, 우주 방사선을 에너지로 흡수하는 것으로 보인다.",
    "name": "Rynbit",
    "paletteFamily": "nebula",
    "rarity": "common",
  },
  {
    "allowedParts": {
      "appendage": [
        "app07",
        "app10",
        "app13",
      ],
      "eyes": [
        "eyes01",
        "eyes06",
        "eyes11",
        "eyes16",
      ],
      "mouth": [
        "mouth05",
        "mouth10",
        "mouth03",
      ],
      "pattern": [
        "pat09",
        "pat02",
        "pat05",
      ],
    },
    "fixedParts": {
      "body": "body09",
    },
    "id": "sp033",
    "lore": "내부에서 희미한 불꽃이 타오르는 것처럼 보이는 특이한 종족. 체온이 일반 종족의 두 배를 넘으며, 극한 환경에서 살아남는 능력이 발군이다.",
    "name": "Sunikin",
    "paletteFamily": "ember",
    "rarity": "rare",
  },
  {
    "allowedParts": {
      "appendage": [
        "app12",
        "app01",
        "app04",
      ],
      "eyes": [
        "eyes04",
        "eyes09",
        "eyes14",
        "eyes03",
      ],
      "mouth": [
        "mouth07",
        "mouth12",
        "mouth05",
      ],
      "pattern": [
        "pat03",
        "pat06",
        "pat09",
      ],
    },
    "fixedParts": {
      "body": "body10",
    },
    "id": "sp034",
    "lore": "수중 포자 방출로 주변 생태계를 변화시키는 희귀 종족. 이들이 지나간 해양에는 독특한 발광 조류가 번성하며, 바다 색이 바뀐다고 전해진다.",
    "name": "Tuluspore",
    "paletteFamily": "ocean",
    "rarity": "rare",
  },
  {
    "allowedParts": {
      "appendage": [
        "app03",
        "app06",
        "app09",
      ],
      "eyes": [
        "eyes07",
        "eyes12",
        "eyes01",
        "eyes06",
      ],
      "mouth": [
        "mouth09",
        "mouth02",
        "mouth07",
      ],
      "pattern": [
        "pat07",
        "pat10",
        "pat03",
      ],
    },
    "fixedParts": {
      "body": "body11",
    },
    "id": "sp035",
    "lore": "독소와 식물성 에너지를 함께 활용하는 희귀 변종. 접근하면 달콤한 냄새가 나지만 독성 포자를 분비하는 역설적인 이중성을 지닌다.",
    "name": "Umbracor",
    "paletteFamily": "flora",
    "rarity": "rare",
  },
  {
    "allowedParts": {
      "appendage": [
        "app08",
        "app11",
        "app14",
      ],
      "eyes": [
        "eyes10",
        "eyes15",
        "eyes04",
        "eyes09",
      ],
      "mouth": [
        "mouth11",
        "mouth04",
        "mouth09",
      ],
      "pattern": [
        "pat01",
        "pat04",
        "pat07",
      ],
    },
    "fixedParts": {
      "body": "body12",
    },
    "id": "sp036",
    "lore": "섬세한 빛의 망사를 짜는 듯한 동작 패턴을 보이는 희귀 종족. 성운빛 실이 서로 얽히며 복잡한 구조를 이루고, 위협 상황에서 빛을 폭발적으로 방출한다.",
    "name": "Wizloom",
    "paletteFamily": "violet",
    "rarity": "rare",
  },
  {
    "allowedParts": {
      "appendage": [
        "app13",
        "app02",
        "app05",
      ],
      "eyes": [
        "eyes13",
        "eyes02",
        "eyes07",
        "eyes12",
      ],
      "mouth": [
        "mouth01",
        "mouth06",
        "mouth11",
      ],
      "pattern": [
        "pat05",
        "pat08",
        "pat01",
      ],
    },
    "fixedParts": {
      "body": "body01",
    },
    "id": "sp037",
    "lore": "사막 행성에서 솜털이 모래 폭풍을 예측하는 감각기로 진화한 희귀 변종. 탐험가들은 이 종족의 행동을 관찰해 폭풍 경로를 예측하기도 한다.",
    "name": "Xelotuft",
    "paletteFamily": "sand",
    "rarity": "rare",
  },
  {
    "allowedParts": {
      "appendage": [
        "app04",
        "app07",
        "app10",
      ],
      "eyes": [
        "eyes16",
        "eyes05",
        "eyes10",
        "eyes15",
      ],
      "mouth": [
        "mouth03",
        "mouth08",
        "mouth01",
      ],
      "pattern": [
        "pat09",
        "pat02",
        "pat05",
      ],
    },
    "fixedParts": {
      "body": "body02",
    },
    "id": "sp038",
    "lore": "극지방 조류를 타고 광활한 거리를 이동하는 희귀 해양 종족. 파란 줄무늬가 빙산 위에서 반짝이며, 먼 거리에서도 식별이 가능하다.",
    "name": "Yuradell",
    "paletteFamily": "ice",
    "rarity": "rare",
  },
  {
    "allowedParts": {
      "appendage": [
        "app09",
        "app12",
        "app01",
      ],
      "eyes": [
        "eyes03",
        "eyes08",
        "eyes13",
        "eyes02",
      ],
      "mouth": [
        "mouth05",
        "mouth10",
        "mouth03",
      ],
      "pattern": [
        "pat03",
        "pat06",
        "pat09",
      ],
    },
    "fixedParts": {
      "body": "body03",
    },
    "id": "sp039",
    "lore": "독성 환경에 완전히 적응한 식생형 희귀 종족. 독소를 흡수해 몸에 축적하며, 이를 방어 물질로 전환하는 능력이 자연 선택을 통해 극도로 발달했다.",
    "name": "Zonkmox",
    "paletteFamily": "toxic",
    "rarity": "rare",
  },
  {
    "allowedParts": {
      "appendage": [
        "app14",
        "app03",
        "app06",
      ],
      "eyes": [
        "eyes06",
        "eyes11",
        "eyes16",
        "eyes05",
      ],
      "mouth": [
        "mouth07",
        "mouth12",
        "mouth05",
      ],
      "pattern": [
        "pat07",
        "pat10",
        "pat03",
      ],
    },
    "fixedParts": {
      "body": "body04",
    },
    "id": "sp040",
    "lore": "성운 지역의 고에너지 방사선을 흡수하며 사는 희귀 종족. 전자기적으로 충전된 몸통이 주변 금속성 광물을 끌어당기며, 이동 경로에 미세한 자기 흔적을 남긴다.",
    "name": "Abovore",
    "paletteFamily": "nebula",
    "rarity": "rare",
  },
  {
    "allowedParts": {
      "appendage": [
        "app05",
        "app08",
        "app11",
      ],
      "eyes": [
        "eyes09",
        "eyes14",
        "eyes03",
        "eyes08",
      ],
      "mouth": [
        "mouth09",
        "mouth02",
        "mouth07",
      ],
      "pattern": [
        "pat01",
        "pat04",
        "pat07",
      ],
    },
    "fixedParts": {
      "body": "body05",
    },
    "id": "sp041",
    "lore": "일반 Glofang보다 열 방사 능력이 현저히 강화된 희귀 변종. 체내의 화학 반응이 더 격렬하며, 어두운 환경에서도 눈에 띄는 빛을 낸다.",
    "name": "Glofang",
    "paletteFamily": "ember",
    "rarity": "rare",
  },
  {
    "allowedParts": {
      "appendage": [
        "app10",
        "app13",
        "app02",
      ],
      "eyes": [
        "eyes12",
        "eyes01",
        "eyes06",
        "eyes11",
      ],
      "mouth": [
        "mouth11",
        "mouth04",
        "mouth09",
      ],
      "pattern": [
        "pat05",
        "pat08",
        "pat01",
      ],
    },
    "fixedParts": {
      "body": "body06",
    },
    "id": "sp042",
    "lore": "심해 적응이 완료된 희귀 Zefnib 변종. 초고압 환경에서 몸이 압축되어 평소보다 훨씬 작아지는 독특한 방어 기제를 보유한다.",
    "name": "Zefnib",
    "paletteFamily": "ocean",
    "rarity": "rare",
  },
  {
    "allowedParts": {
      "appendage": [
        "app01",
        "app04",
        "app07",
      ],
      "eyes": [
        "eyes15",
        "eyes04",
        "eyes09",
        "eyes14",
      ],
      "mouth": [
        "mouth01",
        "mouth06",
        "mouth11",
      ],
      "pattern": [
        "pat09",
        "pat02",
        "pat05",
      ],
    },
    "fixedParts": {
      "body": "body07",
    },
    "id": "sp043",
    "lore": "광합성 효율이 일반 Marawink의 세 배에 달하는 희귀 변종. 빛이 약한 환경에서도 활발히 성장하며, 행성 전체의 산소 농도를 높이는 데 기여한다.",
    "name": "Marawink",
    "paletteFamily": "flora",
    "rarity": "rare",
  },
  {
    "allowedParts": {
      "appendage": [
        "app06",
        "app09",
        "app12",
      ],
      "eyes": [
        "eyes02",
        "eyes07",
        "eyes12",
        "eyes01",
      ],
      "mouth": [
        "mouth03",
        "mouth08",
        "mouth01",
      ],
      "pattern": [
        "pat03",
        "pat06",
        "pat09",
      ],
    },
    "fixedParts": {
      "body": "body08",
    },
    "id": "sp044",
    "lore": "대기 변화 감지 능력이 더욱 정교해진 희귀 Quilgle 변종. 행성 자기장의 미세한 교란까지 감지하며, 지진이나 화산 활동을 수 시간 전에 예측한다.",
    "name": "Quilgle",
    "paletteFamily": "violet",
    "rarity": "rare",
  },
  {
    "allowedParts": {
      "appendage": [
        "app11",
        "app14",
        "app03",
      ],
      "eyes": [
        "eyes05",
        "eyes10",
        "eyes15",
        "eyes04",
      ],
      "mouth": [
        "mouth05",
        "mouth10",
        "mouth03",
      ],
      "pattern": [
        "pat07",
        "pat10",
        "pat03",
      ],
    },
    "fixedParts": {
      "body": "body09",
    },
    "id": "sp045",
    "lore": "수분 저장 능력이 극도로 발달한 희귀 사막 종족. 체내의 수분 보유량이 체중의 절반을 넘으며, 수십 년간 강우가 없는 환경에서도 생존한다.",
    "name": "Bompod",
    "paletteFamily": "sand",
    "rarity": "rare",
  },
  {
    "allowedParts": {
      "appendage": [
        "app02",
        "app05",
        "app08",
      ],
      "eyes": [
        "eyes08",
        "eyes13",
        "eyes02",
        "eyes07",
      ],
      "mouth": [
        "mouth07",
        "mouth12",
        "mouth05",
      ],
      "pattern": [
        "pat01",
        "pat04",
        "pat07",
      ],
    },
    "fixedParts": {
      "body": "body10",
    },
    "id": "sp046",
    "lore": "빙하 속 깊이 동면하며 수백 년을 이어가는 희귀 변종. 동면 중에도 미약한 신진대사를 유지하며, 해동 시 즉각적인 활동 재개가 가능하다.",
    "name": "Serayarn",
    "paletteFamily": "ice",
    "rarity": "rare",
  },
  {
    "allowedParts": {
      "appendage": [
        "app07",
        "app10",
        "app13",
      ],
      "eyes": [
        "eyes11",
        "eyes16",
        "eyes05",
        "eyes10",
      ],
      "mouth": [
        "mouth09",
        "mouth02",
        "mouth07",
      ],
      "pattern": [
        "pat05",
        "pat08",
        "pat01",
      ],
    },
    "fixedParts": {
      "body": "body11",
    },
    "id": "sp047",
    "lore": "독소 분비와 식물성 합성 능력을 모두 갖춘 희귀 변종. 정글 생태계의 핵심 포식자이자 분해자로 기능하며, 생태계 균형에 결정적 역할을 한다.",
    "name": "Tikohorn",
    "paletteFamily": "toxic",
    "rarity": "rare",
  },
  {
    "allowedParts": {
      "appendage": [
        "app12",
        "app01",
        "app04",
      ],
      "eyes": [
        "eyes14",
        "eyes03",
        "eyes08",
        "eyes13",
      ],
      "mouth": [
        "mouth11",
        "mouth04",
        "mouth09",
      ],
      "pattern": [
        "pat09",
        "pat02",
        "pat05",
      ],
    },
    "fixedParts": {
      "body": "body12",
    },
    "id": "sp048",
    "lore": "생체 발광이 극도로 강화된 희귀 Velquill 변종. 어두운 우주 공간에서 수 킬로미터 밖에서도 관측되며, 동종 간 통신에 빛의 패턴을 활용한다.",
    "name": "Velquill",
    "paletteFamily": "nebula",
    "rarity": "rare",
  },
  {
    "allowedParts": {
      "appendage": [
        "app03",
        "app06",
        "app09",
      ],
      "eyes": [
        "eyes01",
        "eyes06",
        "eyes11",
        "eyes16",
      ],
      "mouth": [
        "mouth01",
        "mouth06",
        "mouth11",
      ],
      "pattern": [
        "pat03",
        "pat06",
        "pat09",
      ],
    },
    "fixedParts": {
      "body": "body01",
    },
    "id": "sp049",
    "lore": "열 발산이 아닌 열 흡수에 특화된 Nimzest 희귀 변종. 항성 근처에서 에너지를 흡수해 저장하며, 단기간에 폭발적인 활동 에너지를 방출한다.",
    "name": "Nimzest",
    "paletteFamily": "ember",
    "rarity": "rare",
  },
  {
    "allowedParts": {
      "appendage": [
        "app08",
        "app11",
        "app14",
      ],
      "eyes": [
        "eyes04",
        "eyes09",
        "eyes14",
        "eyes03",
      ],
      "mouth": [
        "mouth03",
        "mouth08",
        "mouth01",
      ],
      "pattern": [
        "pat07",
        "pat10",
        "pat03",
      ],
    },
    "fixedParts": {
      "body": "body02",
    },
    "id": "sp050",
    "lore": "여러 개체가 합체해 거대한 군체를 형성하는 희귀 Oxajell 변종. 단독 개체는 작지만, 수천 개체가 뭉치면 행성 대기를 유영하는 거대 생명체가 된다.",
    "name": "Oxajell",
    "paletteFamily": "ocean",
    "rarity": "rare",
  },
  {
    "allowedParts": {
      "appendage": [
        "app13",
        "app02",
        "app05",
      ],
      "eyes": [
        "eyes07",
        "eyes12",
        "eyes01",
        "eyes06",
      ],
      "mouth": [
        "mouth05",
        "mouth10",
        "mouth03",
      ],
      "pattern": [
        "pat01",
        "pat04",
        "pat07",
      ],
    },
    "fixedParts": {
      "body": "body03",
    },
    "id": "sp051",
    "lore": "수백 년을 사는 고대 식물형 존재. 이들이 서식하는 행성에는 놀랍도록 다양한 생태계가 발달하며, 탐험가들은 Pjurell의 존재를 행성 건강의 척도로 여긴다. 깊은 광합성 공명을 통해 행성 전체의 식생과 교감한다고 알려져 있다.",
    "name": "Pjurell",
    "paletteFamily": "flora",
    "rarity": "epic",
  },
  {
    "allowedParts": {
      "appendage": [
        "app04",
        "app07",
        "app10",
      ],
      "eyes": [
        "eyes10",
        "eyes15",
        "eyes04",
        "eyes09",
      ],
      "mouth": [
        "mouth07",
        "mouth12",
        "mouth05",
      ],
      "pattern": [
        "pat05",
        "pat08",
        "pat01",
      ],
    },
    "fixedParts": {
      "body": "body04",
    },
    "id": "sp052",
    "lore": "전자기 감각이 극도로 발달해 행성의 에너지 흐름을 시각화하는 존재. 보랏빛 몸통에서 뿜어지는 전자기장이 주변 기기에 간섭을 일으키며, 이들의 이동 경로가 지형의 에너지 노선과 일치한다는 기록이 남아 있다.",
    "name": "Rynbit",
    "paletteFamily": "violet",
    "rarity": "epic",
  },
  {
    "allowedParts": {
      "appendage": [
        "app09",
        "app12",
        "app01",
      ],
      "eyes": [
        "eyes13",
        "eyes02",
        "eyes07",
        "eyes12",
      ],
      "mouth": [
        "mouth09",
        "mouth02",
        "mouth07",
      ],
      "pattern": [
        "pat09",
        "pat02",
        "pat05",
      ],
    },
    "fixedParts": {
      "body": "body05",
    },
    "id": "sp053",
    "lore": "태양의 화염 속에서도 견디는 내열 생명체. 수천 년에 걸쳐 항성 근접 환경에 적응한 이들의 외피는 어떤 알려진 물질보다 높은 열을 견디며, 항성계 형성 초기부터 존재했을 것으로 추측된다.",
    "name": "Sunikin",
    "paletteFamily": "sand",
    "rarity": "epic",
  },
  {
    "allowedParts": {
      "appendage": [
        "app14",
        "app03",
        "app06",
      ],
      "eyes": [
        "eyes16",
        "eyes05",
        "eyes10",
        "eyes15",
      ],
      "mouth": [
        "mouth11",
        "mouth04",
        "mouth09",
      ],
      "pattern": [
        "pat03",
        "pat06",
        "pat09",
      ],
    },
    "fixedParts": {
      "body": "body06",
    },
    "id": "sp054",
    "lore": "행성 빙하를 수백만 년에 걸쳐 조각하는 지질학적 생명체. 포자가 얼음 속 깊이 침투해 결정 구조를 변형시키며, 이들이 지나간 자리에는 놀라운 형태의 빙하 조각이 남는다. 일부 행성의 독특한 빙하 지형이 Tuluspore의 작품으로 밝혀졌다.",
    "name": "Tuluspore",
    "paletteFamily": "ice",
    "rarity": "epic",
  },
  {
    "allowedParts": {
      "appendage": [
        "app05",
        "app08",
        "app11",
      ],
      "eyes": [
        "eyes03",
        "eyes08",
        "eyes13",
        "eyes02",
      ],
      "mouth": [
        "mouth01",
        "mouth06",
        "mouth11",
      ],
      "pattern": [
        "pat07",
        "pat10",
        "pat03",
      ],
    },
    "fixedParts": {
      "body": "body07",
    },
    "id": "sp055",
    "lore": "독소 생산을 넘어 독성 환경 자체를 창조하는 강력한 존재. 이들이 정착한 행성의 대기는 수 세대 안에 독성 화합물로 포화되며, 다른 종들의 서식이 불가능해진다. 그러나 동시에 독성 환경에 특화된 새로운 생태계가 형성된다.",
    "name": "Umbracor",
    "paletteFamily": "toxic",
    "rarity": "epic",
  },
  {
    "allowedParts": {
      "appendage": [
        "app10",
        "app13",
        "app02",
      ],
      "eyes": [
        "eyes06",
        "eyes11",
        "eyes16",
        "eyes05",
      ],
      "mouth": [
        "mouth03",
        "mouth08",
        "mouth01",
      ],
      "pattern": [
        "pat01",
        "pat04",
        "pat07",
      ],
    },
    "fixedParts": {
      "body": "body08",
    },
    "id": "sp056",
    "lore": "우주 방사선을 정교하게 조작해 빛의 망사를 엮는 희귀 존재. 이들이 만드는 발광 구조물은 수백 킬로미터에 걸쳐 뻗어 있으며, 일부 탐험가는 이를 지각 있는 구조 설계로 해석했다. 성운 지역을 항행하는 이들에게 자연 등대 역할을 한다.",
    "name": "Wizloom",
    "paletteFamily": "nebula",
    "rarity": "epic",
  },
  {
    "allowedParts": {
      "appendage": [
        "app01",
        "app04",
        "app07",
      ],
      "eyes": [
        "eyes09",
        "eyes14",
        "eyes03",
        "eyes08",
      ],
      "mouth": [
        "mouth05",
        "mouth10",
        "mouth03",
      ],
      "pattern": [
        "pat05",
        "pat08",
        "pat01",
      ],
    },
    "fixedParts": {
      "body": "body09",
    },
    "id": "sp057",
    "lore": "항성 폭발 에너지를 직접 흡수하며 번식하는 독특한 종족. 솜털 형태의 외피가 실제로는 에너지 수집 안테나로 기능하며, 강력한 태양풍 속에서 오히려 더 왕성하게 활동한다. 일부 항성계에서 이들의 번식이 태양 활동 주기와 동기화된 것이 관찰됐다.",
    "name": "Xelotuft",
    "paletteFamily": "ember",
    "rarity": "epic",
  },
  {
    "allowedParts": {
      "appendage": [
        "app06",
        "app09",
        "app12",
      ],
      "eyes": [
        "eyes12",
        "eyes01",
        "eyes06",
        "eyes11",
      ],
      "mouth": [
        "mouth07",
        "mouth12",
        "mouth05",
      ],
      "pattern": [
        "pat09",
        "pat02",
        "pat05",
      ],
    },
    "fixedParts": {
      "body": "body10",
    },
    "id": "sp058",
    "lore": "행성 해양 전체와 공생하는 광역 유기체. 개별 개체의 신호가 해류를 통해 전달되어 행성 전체에 단일한 의식이 존재하는 것처럼 반응한다. 탐험가들은 이 종족과 조우 시 행성 해양이 동시에 발광하는 현상을 보고했다.",
    "name": "Yuradell",
    "paletteFamily": "ocean",
    "rarity": "epic",
  },
  {
    "allowedParts": {
      "appendage": [
        "app11",
        "app14",
      ],
      "eyes": [
        "eyes15",
        "eyes04",
      ],
      "mouth": [
        "mouth09",
        "mouth02",
      ],
    },
    "fixedParts": {
      "body": "body11",
      "pattern": "pat05",
    },
    "id": "sp059",
    "lore": "생명체와 행성 지형의 경계가 사라진 존재. 수백만 년에 걸쳐 행성 표면과 일체화한 Zonkmox는 지각 자체를 생명 활동의 일부로 활용한다. 이들의 존재가 확인된 행성에는 다른 어떤 생명체도 등록된 사례가 없으며, 탐험가들은 행성 전체가 하나의 개체일 수 있다는 가능성을 제기한다.",
    "name": "Zonkmox",
    "paletteFamily": "flora",
    "rarity": "legendary",
  },
  {
    "allowedParts": {
      "appendage": [
        "app02",
        "app05",
      ],
      "eyes": [
        "eyes02",
        "eyes07",
      ],
      "mouth": [
        "mouth11",
        "mouth04",
      ],
    },
    "fixedParts": {
      "body": "body12",
      "pattern": "pat08",
    },
    "id": "sp060",
    "lore": "고대 우주의 에너지 흐름을 먹고 자라는 전설적 존재. 이들의 진화 기록이 관측 가능한 우주의 나이를 넘어서며, 일부 이론가들은 Abovore가 우주 팽창의 초기 단계부터 존재했을 것으로 주장한다. 조우 시 측정 기기가 오작동하고, 함께 있던 탐험가들이 시간 감각의 왜곡을 보고하는 사례가 반복 기록되어 있다.",
    "name": "Abovore",
    "paletteFamily": "violet",
    "rarity": "legendary",
  },
]
`;

exports[`우주 생성물 골든 마스터 > 시드 ANDROMEDA의 우주가 영구히 같다 1`] = `
{
  "encounters": [
    {
      "alien": {
        "individualId": "5e4e25c24970ca7c1d62d712230272fa",
        "name": "Boba",
        "palette": {
          "accent": "#ffd166",
          "primary": "#ff6b35",
          "secondary": "#7a2e12",
        },
        "parts": {
          "appendage": "app05",
          "body": "body05",
          "eyes": "eyes14",
          "mouth": "mouth07",
          "pattern": "pat07",
        },
        "rarity": "rare",
        "speciesId": "sp041",
      },
      "planetId": "2:0:3:0:p0",
    },
    {
      "alien": {
        "individualId": "2ffe15931b890c2656754c771cb7e6eb",
        "name": "Wimkiki",
        "palette": {
          "accent": "#fff275",
          "primary": "#ff8c42",
          "secondary": "#8c3a1d",
        },
        "parts": {
          "appendage": "app05",
          "body": "body09",
          "eyes": "eyes08",
          "mouth": "mouth10",
          "pattern": "pat06",
        },
        "rarity": "common",
        "speciesId": "sp009",
      },
      "planetId": "2:0:3:0:p1",
    },
  ],
  "genVersion": 3,
  "sector": {
    "coords": {
      "sx": 2,
      "sy": 0,
      "sz": 3,
    },
    "stars": [
      {
        "id": "2:0:3:0",
        "localPos": [
          77.12015761062503,
          5.64805509056896,
          56.13328041508794,
        ],
        "name": "Ishulak-852",
        "sector": {
          "sx": 2,
          "sy": 0,
          "sz": 3,
        },
        "spectral": "F",
      },
      {
        "id": "2:0:3:1",
        "localPos": [
          72.29156815446913,
          49.20708753634244,
          24.42111261188984,
        ],
        "name": "Eler-858",
        "sector": {
          "sx": 2,
          "sy": 0,
          "sz": 3,
        },
        "spectral": "F",
      },
    ],
  },
  "system": {
    "planets": [
      {
        "hasLife": false,
        "id": "2:0:3:0:p0",
        "index": 0,
        "kind": "gas",
        "name": "Caluna",
        "orbitAu": 0.9999345794320107,
        "paletteSeed": 816311927,
        "radius": 3.5253133308142424,
        "starId": "2:0:3:0",
      },
      {
        "hasLife": false,
        "id": "2:0:3:0:p1",
        "index": 1,
        "kind": "rocky",
        "name": "Quorys",
        "orbitAu": 1.469917031005025,
        "paletteSeed": 1757126016,
        "radius": 1.0340069209225475,
        "starId": "2:0:3:0",
      },
      {
        "hasLife": false,
        "id": "2:0:3:0:p2",
        "index": 2,
        "kind": "gas",
        "name": "Ossuna",
        "orbitAu": 2.1089060256257652,
        "paletteSeed": 397636285,
        "radius": 3.9483532414305955,
        "starId": "2:0:3:0",
      },
      {
        "hasLife": false,
        "id": "2:0:3:0:p3",
        "index": 3,
        "kind": "gas",
        "name": "Selios",
        "orbitAu": 2.4661586677655576,
        "paletteSeed": 1224142766,
        "radius": 4.276804567081854,
        "starId": "2:0:3:0",
      },
      {
        "hasLife": false,
        "id": "2:0:3:0:p4",
        "index": 4,
        "kind": "rocky",
        "name": "Prauna",
        "orbitAu": 3.3110792082734406,
        "paletteSeed": 458782026,
        "radius": 0.40008775154128673,
        "starId": "2:0:3:0",
      },
      {
        "hasLife": false,
        "id": "2:0:3:0:p5",
        "index": 5,
        "kind": "gas",
        "name": "Jorantha",
        "orbitAu": 3.7636869602836667,
        "paletteSeed": 248726767,
        "radius": 3.2168317364994437,
        "starId": "2:0:3:0",
      },
      {
        "hasLife": false,
        "id": "2:0:3:0:p6",
        "index": 6,
        "kind": "rocky",
        "name": "Rhotis",
        "orbitAu": 4.484308153949678,
        "paletteSeed": 112700109,
        "radius": 1.3832923972979188,
        "starId": "2:0:3:0",
      },
      {
        "hasLife": false,
        "id": "2:0:3:0:p7",
        "index": 7,
        "kind": "rocky",
        "name": "Calia",
        "orbitAu": 4.931405640859157,
        "paletteSeed": 983773051,
        "radius": 1.3551810150966048,
        "starId": "2:0:3:0",
      },
    ],
    "starId": "2:0:3:0",
  },
}
`;

exports[`우주 생성물 골든 마스터 > 시드 SOL1969의 우주가 영구히 같다 1`] = `
{
  "encounters": [
    {
      "alien": {
        "individualId": "45e69ff4b3dcaab6382eaa39b8f83b0e",
        "name": "Quoki",
        "palette": {
          "accent": "#faedcd",
          "primary": "#d4a373",
          "secondary": "#6b4d2e",
        },
        "parts": {
          "appendage": "app11",
          "body": "body01",
          "eyes": "eyes10",
          "mouth": "mouth01",
          "pattern": "pat02",
        },
        "rarity": "common",
        "speciesId": "sp013",
      },
      "planetId": "2:0:3:0:p0",
    },
    {
      "alien": {
        "individualId": "4936e85f24e2daf5a165fa064a217978",
        "name": "Fizzzu",
        "palette": {
          "accent": "#cbf3f0",
          "primary": "#2ec4b6",
          "secondary": "#0b3954",
        },
        "parts": {
          "appendage": "app04",
          "body": "body10",
          "eyes": "eyes14",
          "mouth": "mouth05",
          "pattern": "pat03",
        },
        "rarity": "rare",
        "speciesId": "sp034",
      },
      "planetId": "2:0:3:0:p1",
    },
  ],
  "genVersion": 3,
  "sector": {
    "coords": {
      "sx": 2,
      "sy": 0,
      "sz": 3,
    },
    "stars": [
      {
        "id": "2:0:3:0",
        "localPos": [
          80.49439254682511,
          83.74290729407221,
          25.63448203727603,
        ],
        "name": "Keloth-465",
        "sector": {
          "sx": 2,
          "sy": 0,
          "sz": 3,
        },
        "spectral": "G",
      },
      {
        "id": "2:0:3:1",
        "localPos": [
          75.61303961556405,
          76.2634492944926,
          58.989669336006045,
        ],
        "name": "Quiiuss-923",
        "sector": {
          "sx": 2,
          "sy": 0,
          "sz": 3,
        },
        "spectral": "M",
      },
    ],
  },
  "system": {
    "planets": [
      {
        "hasLife": false,
        "id": "2:0:3:0:p0",
        "index": 0,
        "kind": "gas",
        "name": "Ilynara",
        "orbitAu": 0.6480328990146518,
        "paletteSeed": 781213136,
        "radius": 4.452813509386033,
        "starId": "2:0:3:0",
      },
      {
        "hasLife": false,
        "id": "2:0:3:0:p1",
        "index": 1,
        "kind": "rocky",
        "name": "Nevys",
        "orbitAu": 1.4706686198711396,
        "paletteSeed": 1903175300,
        "radius": 1.42244930062443,
        "starId": "2:0:3:0",
      },
      {
        "hasLife": false,
        "id": "2:0:3:0:p2",
        "index": 2,
        "kind": "rocky",
        "name": "Goria",
        "orbitAu": 2.0721277895383534,
        "paletteSeed": 858695031,
        "radius": 0.7985552498139441,
        "starId": "2:0:3:0",
      },
      {
        "hasLife": false,
        "id": "2:0:3:0:p3",
        "index": 3,
        "kind": "rocky",
        "name": "Eritis",
        "orbitAu": 2.537813259847462,
        "paletteSeed": 1314045238,
        "radius": 1.144741604104638,
        "starId": "2:0:3:0",
      },
      {
        "hasLife": false,
        "id": "2:0:3:0:p4",
        "index": 4,
        "kind": "rocky",
        "name": "Kareon",
        "orbitAu": 3.1864127417095007,
        "paletteSeed": 1037721462,
        "radius": 1.0166088635101915,
        "starId": "2:0:3:0",
      },
      {
        "hasLife": false,
        "id": "2:0:3:0:p5",
        "index": 5,
        "kind": "rocky",
        "name": "Ossoth",
        "orbitAu": 3.782603680901229,
        "paletteSeed": 894606851,
        "radius": 1.3586862616240978,
        "starId": "2:0:3:0",
      },
      {
        "hasLife": false,
        "id": "2:0:3:0:p6",
        "index": 6,
        "kind": "rocky",
        "name": "Brennara",
        "orbitAu": 4.260694361571223,
        "paletteSeed": 1762131803,
        "radius": 1.088785426132381,
        "starId": "2:0:3:0",
      },
      {
        "hasLife": false,
        "id": "2:0:3:0:p7",
        "index": 7,
        "kind": "rocky",
        "name": "Goreon",
        "orbitAu": 5.1776540981605645,
        "paletteSeed": 1863882717,
        "radius": 0.9697203820571303,
        "starId": "2:0:3:0",
      },
    ],
    "starId": "2:0:3:0",
  },
}
`;

exports[`우주 생성물 골든 마스터 > 시드 ZETA42의 우주가 영구히 같다 1`] = `
{
  "encounters": [
    {
      "alien": {
        "individualId": "b55558e2c53d2ab6d623c288f687253c",
        "name": "Tosbaba",
        "palette": {
          "accent": "#ffd166",
          "primary": "#ff6b35",
          "secondary": "#7a2e12",
        },
        "parts": {
          "appendage": "app05",
          "body": "body09",
          "eyes": "eyes14",
          "mouth": "mouth05",
          "pattern": "pat06",
        },
        "rarity": "common",
        "speciesId": "sp009",
      },
      "planetId": "2:0:3:0:p0",
    },
    {
      "alien": {
        "individualId": "cfae15fd64a0d931746be0374dc0b8ca",
        "name": "Toskiki",
        "palette": {
          "accent": "#8ecae6",
          "primary": "#3a86ff",
          "secondary": "#14213d",
        },
        "parts": {
          "appendage": "app06",
          "body": "body02",
          "eyes": "eyes12",
          "mouth": "mouth08",
          "pattern": "pat04",
        },
        "rarity": "common",
        "speciesId": "sp026",
      },
      "planetId": "2:0:3:0:p1",
    },
  ],
  "genVersion": 3,
  "sector": {
    "coords": {
      "sx": 2,
      "sy": 0,
      "sz": 3,
    },
    "stars": [
      {
        "id": "2:0:3:0",
        "localPos": [
          59.86662164796144,
          75.39783152751625,
          49.328025383874774,
        ],
        "name": "Alarath-107",
        "sector": {
          "sx": 2,
          "sy": 0,
          "sz": 3,
        },
        "spectral": "F",
      },
      {
        "id": "2:0:3:1",
        "localPos": [
          18.320000916719437,
          85.42366416659206,
          74.15618933737278,
        ],
        "name": "Quiu-399",
        "sector": {
          "sx": 2,
          "sy": 0,
          "sz": 3,
        },
        "spectral": "M",
      },
      {
        "id": "2:0:3:2",
        "localPos": [
          30.73020710144192,
          44.65120821259916,
          85.83138682879508,
        ],
        "name": "Ura-911",
        "sector": {
          "sx": 2,
          "sy": 0,
          "sz": 3,
        },
        "spectral": "G",
      },
    ],
  },
  "system": {
    "planets": [
      {
        "hasLife": false,
        "id": "2:0:3:0:p0",
        "index": 0,
        "kind": "gas",
        "name": "Fenios",
        "orbitAu": 0.8693745659664274,
        "paletteSeed": 475885877,
        "radius": 2.988631620304659,
        "starId": "2:0:3:0",
      },
      {
        "hasLife": true,
        "id": "2:0:3:0:p1",
        "index": 1,
        "kind": "rocky",
        "name": "Ossantha",
        "orbitAu": 1.4835169310681522,
        "paletteSeed": 1742309281,
        "radius": 1.2867952782660723,
        "starId": "2:0:3:0",
      },
      {
        "hasLife": false,
        "id": "2:0:3:0:p2",
        "index": 2,
        "kind": "rocky",
        "name": "Caloth",
        "orbitAu": 1.9527202871628104,
        "paletteSeed": 1501090977,
        "radius": 1.1278887266293167,
        "starId": "2:0:3:0",
      },
      {
        "hasLife": false,
        "id": "2:0:3:0:p3",
        "index": 3,
        "kind": "rocky",
        "name": "Rhouna",
        "orbitAu": 2.638703945558518,
        "paletteSeed": 900307886,
        "radius": 1.299219576921314,
        "starId": "2:0:3:0",
      },
      {
        "hasLife": true,
        "id": "2:0:3:0:p4",
        "index": 4,
        "kind": "rocky",
        "name": "Brenantha",
        "orbitAu": 3.144137146975845,
        "paletteSeed": 390977817,
        "radius": 1.5643583967350425,
        "starId": "2:0:3:0",
      },
      {
        "hasLife": false,
        "id": "2:0:3:0:p5",
        "index": 5,
        "kind": "gas",
        "name": "Ossmir",
        "orbitAu": 3.80763330720365,
        "paletteSeed": 711389323,
        "radius": 3.8283657582942396,
        "starId": "2:0:3:0",
      },
      {
        "hasLife": false,
        "id": "2:0:3:0:p6",
        "index": 6,
        "kind": "rocky",
        "name": "Gorys",
        "orbitAu": 4.421375903114677,
        "paletteSeed": 326798371,
        "radius": 0.5532456120476127,
        "starId": "2:0:3:0",
      },
    ],
    "starId": "2:0:3:0",
  },
}
`;
