// Vitest Snapshot v1, https://vitest.dev/guide/snapshot.html

exports[`우주 생성물 골든 마스터 > PALETTE_FAMILIES 구조가 영구히 같다 (셰이드 순서 포함) 1`] = `
{
  "ember": [
    {
      "accent": "#ffd166",
      "primary": "#ff6b35",
      "secondary": "#7a2e12",
    },
    {
      "accent": "#ffb627",
      "primary": "#e84545",
      "secondary": "#5c1a1a",
    },
    {
      "accent": "#fff275",
      "primary": "#ff8c42",
      "secondary": "#8c3a1d",
    },
  ],
  "flora": [
    {
      "accent": "#e9f5db",
      "primary": "#80b918",
      "secondary": "#2b5114",
    },
    {
      "accent": "#d8f3dc",
      "primary": "#52b788",
      "secondary": "#1b4332",
    },
    {
      "accent": "#f4fdd9",
      "primary": "#aacc00",
      "secondary": "#3a5a40",
    },
  ],
  "ice": [
    {
      "accent": "#eaf6ff",
      "primary": "#a2d6f9",
      "secondary": "#3066be",
    },
    {
      "accent": "#f0f9ff",
      "primary": "#b8e1ff",
      "secondary": "#2c6e9e",
    },
    {
      "accent": "#e8feff",
      "primary": "#9bf6ff",
      "secondary": "#2f7686",
    },
  ],
  "nebula": [
    {
      "accent": "#fcd5ce",
      "primary": "#f72585",
      "secondary": "#560bad",
    },
    {
      "accent": "#ffd6e0",
      "primary": "#ff70a6",
      "secondary": "#6a2c70",
    },
    {
      "accent": "#ffe5ec",
      "primary": "#e56b6f",
      "secondary": "#553772",
    },
  ],
  "ocean": [
    {
      "accent": "#cbf3f0",
      "primary": "#2ec4b6",
      "secondary": "#0b3954",
    },
    {
      "accent": "#8ecae6",
      "primary": "#3a86ff",
      "secondary": "#14213d",
    },
    {
      "accent": "#d0f4ff",
      "primary": "#48bfe3",
      "secondary": "#1b4965",
    },
  ],
  "sand": [
    {
      "accent": "#faedcd",
      "primary": "#d4a373",
      "secondary": "#6b4d2e",
    },
    {
      "accent": "#f2e9e4",
      "primary": "#c9ada7",
      "secondary": "#5e4b45",
    },
    {
      "accent": "#fff3b0",
      "primary": "#e6b800",
      "secondary": "#7d6608",
    },
  ],
  "toxic": [
    {
      "accent": "#f5ff9e",
      "primary": "#ccff33",
      "secondary": "#3e6212",
    },
    {
      "accent": "#defc9d",
      "primary": "#70e000",
      "secondary": "#274e13",
    },
    {
      "accent": "#fbffd6",
      "primary": "#d9ff5b",
      "secondary": "#506b1f",
    },
  ],
  "violet": [
    {
      "accent": "#e0aaff",
      "primary": "#9d4edd",
      "secondary": "#3c096c",
    },
    {
      "accent": "#c77dff",
      "primary": "#7b2cbf",
      "secondary": "#2a0a4a",
    },
    {
      "accent": "#efd3ff",
      "primary": "#b185db",
      "secondary": "#4a2570",
    },
  ],
}
`;

exports[`우주 생성물 골든 마스터 > SPECIES_CATALOG 전체 구조가 영구히 같다 (allowedParts 내부 순서 포함) 1`] = `
[
  {
    "allowedParts": {
      "appendage": [
        "app01",
        "app04",
        "app07",
      ],
      "eyes": [
        "eyes01",
        "eyes06",
        "eyes11",
        "eyes16",
      ],
      "mouth": [
        "mouth01",
        "mouth06",
        "mouth11",
      ],
      "pattern": [
        "pat01",
        "pat04",
        "pat07",
      ],
    },
    "fixedParts": {
      "body": "body01",
    },
    "id": "sp001",
    "lore": "Glofang — 커먼 종족. (로어 스텁: 실아트 교체 단계에서 작성)",
    "name": "Glofang",
    "paletteFamily": "ember",
    "rarity": "common",
  },
  {
    "allowedParts": {
      "appendage": [
        "app06",
        "app09",
        "app12",
      ],
      "eyes": [
        "eyes04",
        "eyes09",
        "eyes14",
        "eyes03",
      ],
      "mouth": [
        "mouth03",
        "mouth08",
        "mouth01",
      ],
      "pattern": [
        "pat05",
        "pat08",
        "pat01",
      ],
    },
    "fixedParts": {
      "body": "body02",
    },
    "id": "sp002",
    "lore": "Zefnib — 커먼 종족. (로어 스텁: 실아트 교체 단계에서 작성)",
    "name": "Zefnib",
    "paletteFamily": "ocean",
    "rarity": "common",
  },
  {
    "allowedParts": {
      "appendage": [
        "app11",
        "app14",
        "app03",
      ],
      "eyes": [
        "eyes07",
        "eyes12",
        "eyes01",
        "eyes06",
      ],
      "mouth": [
        "mouth05",
        "mouth10",
        "mouth03",
      ],
      "pattern": [
        "pat09",
        "pat02",
        "pat05",
      ],
    },
    "fixedParts": {
      "body": "body03",
    },
    "id": "sp003",
    "lore": "Marawink — 커먼 종족. (로어 스텁: 실아트 교체 단계에서 작성)",
    "name": "Marawink",
    "paletteFamily": "flora",
    "rarity": "common",
  },
  {
    "allowedParts": {
      "appendage": [
        "app02",
        "app05",
        "app08",
      ],
      "eyes": [
        "eyes10",
        "eyes15",
        "eyes04",
        "eyes09",
      ],
      "mouth": [
        "mouth07",
        "mouth12",
        "mouth05",
      ],
      "pattern": [
        "pat03",
        "pat06",
        "pat09",
      ],
    },
    "fixedParts": {
      "body": "body04",
    },
    "id": "sp004",
    "lore": "Quilgle — 커먼 종족. (로어 스텁: 실아트 교체 단계에서 작성)",
    "name": "Quilgle",
    "paletteFamily": "violet",
    "rarity": "common",
  },
  {
    "allowedParts": {
      "appendage": [
        "app07",
        "app10",
        "app13",
      ],
      "eyes": [
        "eyes13",
        "eyes02",
        "eyes07",
        "eyes12",
      ],
      "mouth": [
        "mouth09",
        "mouth02",
        "mouth07",
      ],
      "pattern": [
        "pat07",
        "pat10",
        "pat03",
      ],
    },
    "fixedParts": {
      "body": "body05",
    },
    "id": "sp005",
    "lore": "Bompod — 커먼 종족. (로어 스텁: 실아트 교체 단계에서 작성)",
    "name": "Bompod",
    "paletteFamily": "sand",
    "rarity": "common",
  },
  {
    "allowedParts": {
      "appendage": [
        "app12",
        "app01",
        "app04",
      ],
      "eyes": [
        "eyes16",
        "eyes05",
        "eyes10",
        "eyes15",
      ],
      "mouth": [
        "mouth11",
        "mouth04",
        "mouth09",
      ],
      "pattern": [
        "pat01",
        "pat04",
        "pat07",
      ],
    },
    "fixedParts": {
      "body": "body06",
    },
    "id": "sp006",
    "lore": "Serayarn — 커먼 종족. (로어 스텁: 실아트 교체 단계에서 작성)",
    "name": "Serayarn",
    "paletteFamily": "ice",
    "rarity": "common",
  },
  {
    "allowedParts": {
      "appendage": [
        "app03",
        "app06",
        "app09",
      ],
      "eyes": [
        "eyes03",
        "eyes08",
        "eyes13",
        "eyes02",
      ],
      "mouth": [
        "mouth01",
        "mouth06",
        "mouth11",
      ],
      "pattern": [
        "pat05",
        "pat08",
        "pat01",
      ],
    },
    "fixedParts": {
      "body": "body07",
    },
    "id": "sp007",
    "lore": "Tikohorn — 커먼 종족. (로어 스텁: 실아트 교체 단계에서 작성)",
    "name": "Tikohorn",
    "paletteFamily": "toxic",
    "rarity": "common",
  },
  {
    "allowedParts": {
      "appendage": [
        "app08",
        "app11",
        "app14",
      ],
      "eyes": [
        "eyes06",
        "eyes11",
        "eyes16",
        "eyes05",
      ],
      "mouth": [
        "mouth03",
        "mouth08",
        "mouth01",
      ],
      "pattern": [
        "pat09",
        "pat02",
        "pat05",
      ],
    },
    "fixedParts": {
      "body": "body08",
    },
    "id": "sp008",
    "lore": "Velquill — 커먼 종족. (로어 스텁: 실아트 교체 단계에서 작성)",
    "name": "Velquill",
    "paletteFamily": "nebula",
    "rarity": "common",
  },
  {
    "allowedParts": {
      "appendage": [
        "app13",
        "app02",
        "app05",
      ],
      "eyes": [
        "eyes09",
        "eyes14",
        "eyes03",
        "eyes08",
      ],
      "mouth": [
        "mouth05",
        "mouth10",
        "mouth03",
      ],
      "pattern": [
        "pat03",
        "pat06",
        "pat09",
      ],
    },
    "fixedParts": {
      "body": "body09",
    },
    "id": "sp009",
    "lore": "Nimzest — 커먼 종족. (로어 스텁: 실아트 교체 단계에서 작성)",
    "name": "Nimzest",
    "paletteFamily": "ember",
    "rarity": "common",
  },
  {
    "allowedParts": {
      "appendage": [
        "app04",
        "app07",
        "app10",
      ],
      "eyes": [
        "eyes12",
        "eyes01",
        "eyes06",
        "eyes11",
      ],
      "mouth": [
        "mouth07",
        "mouth12",
        "mouth05",
      ],
      "pattern": [
        "pat07",
        "pat10",
        "pat03",
      ],
    },
    "fixedParts": {
      "body": "body10",
    },
    "id": "sp010",
    "lore": "Oxajell — 커먼 종족. (로어 스텁: 실아트 교체 단계에서 작성)",
    "name": "Oxajell",
    "paletteFamily": "ocean",
    "rarity": "common",
  },
  {
    "allowedParts": {
      "appendage": [
        "app09",
        "app12",
        "app01",
      ],
      "eyes": [
        "eyes15",
        "eyes04",
        "eyes09",
        "eyes14",
      ],
      "mouth": [
        "mouth09",
        "mouth02",
        "mouth07",
      ],
      "pattern": [
        "pat01",
        "pat04",
        "pat07",
      ],
    },
    "fixedParts": {
      "body": "body11",
    },
    "id": "sp011",
    "lore": "Pjurell — 커먼 종족. (로어 스텁: 실아트 교체 단계에서 작성)",
    "name": "Pjurell",
    "paletteFamily": "flora",
    "rarity": "common",
  },
  {
    "allowedParts": {
      "appendage": [
        "app14",
        "app03",
        "app06",
      ],
      "eyes": [
        "eyes02",
        "eyes07",
        "eyes12",
        "eyes01",
      ],
      "mouth": [
        "mouth11",
        "mouth04",
        "mouth09",
      ],
      "pattern": [
        "pat05",
        "pat08",
        "pat01",
      ],
    },
    "fixedParts": {
      "body": "body12",
    },
    "id": "sp012",
    "lore": "Rynbit — 커먼 종족. (로어 스텁: 실아트 교체 단계에서 작성)",
    "name": "Rynbit",
    "paletteFamily": "violet",
    "rarity": "common",
  },
  {
    "allowedParts": {
      "appendage": [
        "app05",
        "app08",
        "app11",
      ],
      "eyes": [
        "eyes05",
        "eyes10",
        "eyes15",
        "eyes04",
      ],
      "mouth": [
        "mouth01",
        "mouth06",
        "mouth11",
      ],
      "pattern": [
        "pat09",
        "pat02",
        "pat05",
      ],
    },
    "fixedParts": {
      "body": "body01",
    },
    "id": "sp013",
    "lore": "Sunikin — 커먼 종족. (로어 스텁: 실아트 교체 단계에서 작성)",
    "name": "Sunikin",
    "paletteFamily": "sand",
    "rarity": "common",
  },
  {
    "allowedParts": {
      "appendage": [
        "app10",
        "app13",
        "app02",
      ],
      "eyes": [
        "eyes08",
        "eyes13",
        "eyes02",
        "eyes07",
      ],
      "mouth": [
        "mouth03",
        "mouth08",
        "mouth01",
      ],
      "pattern": [
        "pat03",
        "pat06",
        "pat09",
      ],
    },
    "fixedParts": {
      "body": "body02",
    },
    "id": "sp014",
    "lore": "Tuluspore — 커먼 종족. (로어 스텁: 실아트 교체 단계에서 작성)",
    "name": "Tuluspore",
    "paletteFamily": "ice",
    "rarity": "common",
  },
  {
    "allowedParts": {
      "appendage": [
        "app01",
        "app04",
        "app07",
      ],
      "eyes": [
        "eyes11",
        "eyes16",
        "eyes05",
        "eyes10",
      ],
      "mouth": [
        "mouth05",
        "mouth10",
        "mouth03",
      ],
      "pattern": [
        "pat07",
        "pat10",
        "pat03",
      ],
    },
    "fixedParts": {
      "body": "body03",
    },
    "id": "sp015",
    "lore": "Umbracor — 커먼 종족. (로어 스텁: 실아트 교체 단계에서 작성)",
    "name": "Umbracor",
    "paletteFamily": "toxic",
    "rarity": "common",
  },
  {
    "allowedParts": {
      "appendage": [
        "app06",
        "app09",
        "app12",
      ],
      "eyes": [
        "eyes14",
        "eyes03",
        "eyes08",
        "eyes13",
      ],
      "mouth": [
        "mouth07",
        "mouth12",
        "mouth05",
      ],
      "pattern": [
        "pat01",
        "pat04",
        "pat07",
      ],
    },
    "fixedParts": {
      "body": "body04",
    },
    "id": "sp016",
    "lore": "Wizloom — 커먼 종족. (로어 스텁: 실아트 교체 단계에서 작성)",
    "name": "Wizloom",
    "paletteFamily": "nebula",
    "rarity": "common",
  },
  {
    "allowedParts": {
      "appendage": [
        "app11",
        "app14",
        "app03",
      ],
      "eyes": [
        "eyes01",
        "eyes06",
        "eyes11",
        "eyes16",
      ],
      "mouth": [
        "mouth09",
        "mouth02",
        "mouth07",
      ],
      "pattern": [
        "pat05",
        "pat08",
        "pat01",
      ],
    },
    "fixedParts": {
      "body": "body05",
    },
    "id": "sp017",
    "lore": "Xelotuft — 커먼 종족. (로어 스텁: 실아트 교체 단계에서 작성)",
    "name": "Xelotuft",
    "paletteFamily": "ember",
    "rarity": "common",
  },
  {
    "allowedParts": {
      "appendage": [
        "app02",
        "app05",
        "app08",
      ],
      "eyes": [
        "eyes04",
        "eyes09",
        "eyes14",
        "eyes03",
      ],
      "mouth": [
        "mouth11",
        "mouth04",
        "mouth09",
      ],
      "pattern": [
        "pat09",
        "pat02",
        "pat05",
      ],
    },
    "fixedParts": {
      "body": "body06",
    },
    "id": "sp018",
    "lore": "Yuradell — 커먼 종족. (로어 스텁: 실아트 교체 단계에서 작성)",
    "name": "Yuradell",
    "paletteFamily": "ocean",
    "rarity": "common",
  },
  {
    "allowedParts": {
      "appendage": [
        "app07",
        "app10",
        "app13",
      ],
      "eyes": [
        "eyes07",
        "eyes12",
        "eyes01",
        "eyes06",
      ],
      "mouth": [
        "mouth01",
        "mouth06",
        "mouth11",
      ],
      "pattern": [
        "pat03",
        "pat06",
        "pat09",
      ],
    },
    "fixedParts": {
      "body": "body07",
    },
    "id": "sp019",
    "lore": "Zonkmox — 커먼 종족. (로어 스텁: 실아트 교체 단계에서 작성)",
    "name": "Zonkmox",
    "paletteFamily": "flora",
    "rarity": "common",
  },
  {
    "allowedParts": {
      "appendage": [
        "app12",
        "app01",
        "app04",
      ],
      "eyes": [
        "eyes10",
        "eyes15",
        "eyes04",
        "eyes09",
      ],
      "mouth": [
        "mouth03",
        "mouth08",
        "mouth01",
      ],
      "pattern": [
        "pat07",
        "pat10",
        "pat03",
      ],
    },
    "fixedParts": {
      "body": "body08",
    },
    "id": "sp020",
    "lore": "Abovore — 커먼 종족. (로어 스텁: 실아트 교체 단계에서 작성)",
    "name": "Abovore",
    "paletteFamily": "violet",
    "rarity": "common",
  },
  {
    "allowedParts": {
      "appendage": [
        "app03",
        "app06",
        "app09",
      ],
      "eyes": [
        "eyes13",
        "eyes02",
        "eyes07",
        "eyes12",
      ],
      "mouth": [
        "mouth05",
        "mouth10",
        "mouth03",
      ],
      "pattern": [
        "pat01",
        "pat04",
        "pat07",
      ],
    },
    "fixedParts": {
      "body": "body09",
    },
    "id": "sp021",
    "lore": "Glofang — 커먼 종족. (로어 스텁: 실아트 교체 단계에서 작성)",
    "name": "Glofang",
    "paletteFamily": "sand",
    "rarity": "common",
  },
  {
    "allowedParts": {
      "appendage": [
        "app08",
        "app11",
        "app14",
      ],
      "eyes": [
        "eyes16",
        "eyes05",
        "eyes10",
        "eyes15",
      ],
      "mouth": [
        "mouth07",
        "mouth12",
        "mouth05",
      ],
      "pattern": [
        "pat05",
        "pat08",
        "pat01",
      ],
    },
    "fixedParts": {
      "body": "body10",
    },
    "id": "sp022",
    "lore": "Zefnib — 커먼 종족. (로어 스텁: 실아트 교체 단계에서 작성)",
    "name": "Zefnib",
    "paletteFamily": "ice",
    "rarity": "common",
  },
  {
    "allowedParts": {
      "appendage": [
        "app13",
        "app02",
        "app05",
      ],
      "eyes": [
        "eyes03",
        "eyes08",
        "eyes13",
        "eyes02",
      ],
      "mouth": [
        "mouth09",
        "mouth02",
        "mouth07",
      ],
      "pattern": [
        "pat09",
        "pat02",
        "pat05",
      ],
    },
    "fixedParts": {
      "body": "body11",
    },
    "id": "sp023",
    "lore": "Marawink — 커먼 종족. (로어 스텁: 실아트 교체 단계에서 작성)",
    "name": "Marawink",
    "paletteFamily": "toxic",
    "rarity": "common",
  },
  {
    "allowedParts": {
      "appendage": [
        "app04",
        "app07",
        "app10",
      ],
      "eyes": [
        "eyes06",
        "eyes11",
        "eyes16",
        "eyes05",
      ],
      "mouth": [
        "mouth11",
        "mouth04",
        "mouth09",
      ],
      "pattern": [
        "pat03",
        "pat06",
        "pat09",
      ],
    },
    "fixedParts": {
      "body": "body12",
    },
    "id": "sp024",
    "lore": "Quilgle — 커먼 종족. (로어 스텁: 실아트 교체 단계에서 작성)",
    "name": "Quilgle",
    "paletteFamily": "nebula",
    "rarity": "common",
  },
  {
    "allowedParts": {
      "appendage": [
        "app09",
        "app12",
        "app01",
      ],
      "eyes": [
        "eyes09",
        "eyes14",
        "eyes03",
        "eyes08",
      ],
      "mouth": [
        "mouth01",
        "mouth06",
        "mouth11",
      ],
      "pattern": [
        "pat07",
        "pat10",
        "pat03",
      ],
    },
    "fixedParts": {
      "body": "body01",
    },
    "id": "sp025",
    "lore": "Bompod — 커먼 종족. (로어 스텁: 실아트 교체 단계에서 작성)",
    "name": "Bompod",
    "paletteFamily": "ember",
    "rarity": "common",
  },
  {
    "allowedParts": {
      "appendage": [
        "app14",
        "app03",
        "app06",
      ],
      "eyes": [
        "eyes12",
        "eyes01",
        "eyes06",
        "eyes11",
      ],
      "mouth": [
        "mouth03",
        "mouth08",
        "mouth01",
      ],
      "pattern": [
        "pat01",
        "pat04",
        "pat07",
      ],
    },
    "fixedParts": {
      "body": "body02",
    },
    "id": "sp026",
    "lore": "Serayarn — 커먼 종족. (로어 스텁: 실아트 교체 단계에서 작성)",
    "name": "Serayarn",
    "paletteFamily": "ocean",
    "rarity": "common",
  },
  {
    "allowedParts": {
      "appendage": [
        "app05",
        "app08",
        "app11",
      ],
      "eyes": [
        "eyes15",
        "eyes04",
        "eyes09",
        "eyes14",
      ],
      "mouth": [
        "mouth05",
        "mouth10",
        "mouth03",
      ],
      "pattern": [
        "pat05",
        "pat08",
        "pat01",
      ],
    },
    "fixedParts": {
      "body": "body03",
    },
    "id": "sp027",
    "lore": "Tikohorn — 커먼 종족. (로어 스텁: 실아트 교체 단계에서 작성)",
    "name": "Tikohorn",
    "paletteFamily": "flora",
    "rarity": "common",
  },
  {
    "allowedParts": {
      "appendage": [
        "app10",
        "app13",
        "app02",
      ],
      "eyes": [
        "eyes02",
        "eyes07",
        "eyes12",
        "eyes01",
      ],
      "mouth": [
        "mouth07",
        "mouth12",
        "mouth05",
      ],
      "pattern": [
        "pat09",
        "pat02",
        "pat05",
      ],
    },
    "fixedParts": {
      "body": "body04",
    },
    "id": "sp028",
    "lore": "Velquill — 커먼 종족. (로어 스텁: 실아트 교체 단계에서 작성)",
    "name": "Velquill",
    "paletteFamily": "violet",
    "rarity": "common",
  },
  {
    "allowedParts": {
      "appendage": [
        "app01",
        "app04",
        "app07",
      ],
      "eyes": [
        "eyes05",
        "eyes10",
        "eyes15",
        "eyes04",
      ],
      "mouth": [
        "mouth09",
        "mouth02",
        "mouth07",
      ],
      "pattern": [
        "pat03",
        "pat06",
        "pat09",
      ],
    },
    "fixedParts": {
      "body": "body05",
    },
    "id": "sp029",
    "lore": "Nimzest — 커먼 종족. (로어 스텁: 실아트 교체 단계에서 작성)",
    "name": "Nimzest",
    "paletteFamily": "sand",
    "rarity": "common",
  },
  {
    "allowedParts": {
      "appendage": [
        "app06",
        "app09",
        "app12",
      ],
      "eyes": [
        "eyes08",
        "eyes13",
        "eyes02",
        "eyes07",
      ],
      "mouth": [
        "mouth11",
        "mouth04",
        "mouth09",
      ],
      "pattern": [
        "pat07",
        "pat10",
        "pat03",
      ],
    },
    "fixedParts": {
      "body": "body06",
    },
    "id": "sp030",
    "lore": "Oxajell — 커먼 종족. (로어 스텁: 실아트 교체 단계에서 작성)",
    "name": "Oxajell",
    "paletteFamily": "ice",
    "rarity": "common",
  },
  {
    "allowedParts": {
      "appendage": [
        "app11",
        "app14",
        "app03",
      ],
      "eyes": [
        "eyes11",
        "eyes16",
        "eyes05",
        "eyes10",
      ],
      "mouth": [
        "mouth01",
        "mouth06",
        "mouth11",
      ],
      "pattern": [
        "pat01",
        "pat04",
        "pat07",
      ],
    },
    "fixedParts": {
      "body": "body07",
    },
    "id": "sp031",
    "lore": "Pjurell — 커먼 종족. (로어 스텁: 실아트 교체 단계에서 작성)",
    "name": "Pjurell",
    "paletteFamily": "toxic",
    "rarity": "common",
  },
  {
    "allowedParts": {
      "appendage": [
        "app02",
        "app05",
        "app08",
      ],
      "eyes": [
        "eyes14",
        "eyes03",
        "eyes08",
        "eyes13",
      ],
      "mouth": [
        "mouth03",
        "mouth08",
        "mouth01",
      ],
      "pattern": [
        "pat05",
        "pat08",
        "pat01",
      ],
    },
    "fixedParts": {
      "body": "body08",
    },
    "id": "sp032",
    "lore": "Rynbit — 커먼 종족. (로어 스텁: 실아트 교체 단계에서 작성)",
    "name": "Rynbit",
    "paletteFamily": "nebula",
    "rarity": "common",
  },
  {
    "allowedParts": {
      "appendage": [
        "app07",
        "app10",
        "app13",
      ],
      "eyes": [
        "eyes01",
        "eyes06",
        "eyes11",
        "eyes16",
      ],
      "mouth": [
        "mouth05",
        "mouth10",
        "mouth03",
      ],
      "pattern": [
        "pat09",
        "pat02",
        "pat05",
      ],
    },
    "fixedParts": {
      "body": "body09",
    },
    "id": "sp033",
    "lore": "Sunikin — 레어 종족. (로어 스텁: 실아트 교체 단계에서 작성)",
    "name": "Sunikin",
    "paletteFamily": "ember",
    "rarity": "rare",
  },
  {
    "allowedParts": {
      "appendage": [
        "app12",
        "app01",
        "app04",
      ],
      "eyes": [
        "eyes04",
        "eyes09",
        "eyes14",
        "eyes03",
      ],
      "mouth": [
        "mouth07",
        "mouth12",
        "mouth05",
      ],
      "pattern": [
        "pat03",
        "pat06",
        "pat09",
      ],
    },
    "fixedParts": {
      "body": "body10",
    },
    "id": "sp034",
    "lore": "Tuluspore — 레어 종족. (로어 스텁: 실아트 교체 단계에서 작성)",
    "name": "Tuluspore",
    "paletteFamily": "ocean",
    "rarity": "rare",
  },
  {
    "allowedParts": {
      "appendage": [
        "app03",
        "app06",
        "app09",
      ],
      "eyes": [
        "eyes07",
        "eyes12",
        "eyes01",
        "eyes06",
      ],
      "mouth": [
        "mouth09",
        "mouth02",
        "mouth07",
      ],
      "pattern": [
        "pat07",
        "pat10",
        "pat03",
      ],
    },
    "fixedParts": {
      "body": "body11",
    },
    "id": "sp035",
    "lore": "Umbracor — 레어 종족. (로어 스텁: 실아트 교체 단계에서 작성)",
    "name": "Umbracor",
    "paletteFamily": "flora",
    "rarity": "rare",
  },
  {
    "allowedParts": {
      "appendage": [
        "app08",
        "app11",
        "app14",
      ],
      "eyes": [
        "eyes10",
        "eyes15",
        "eyes04",
        "eyes09",
      ],
      "mouth": [
        "mouth11",
        "mouth04",
        "mouth09",
      ],
      "pattern": [
        "pat01",
        "pat04",
        "pat07",
      ],
    },
    "fixedParts": {
      "body": "body12",
    },
    "id": "sp036",
    "lore": "Wizloom — 레어 종족. (로어 스텁: 실아트 교체 단계에서 작성)",
    "name": "Wizloom",
    "paletteFamily": "violet",
    "rarity": "rare",
  },
  {
    "allowedParts": {
      "appendage": [
        "app13",
        "app02",
        "app05",
      ],
      "eyes": [
        "eyes13",
        "eyes02",
        "eyes07",
        "eyes12",
      ],
      "mouth": [
        "mouth01",
        "mouth06",
        "mouth11",
      ],
      "pattern": [
        "pat05",
        "pat08",
        "pat01",
      ],
    },
    "fixedParts": {
      "body": "body01",
    },
    "id": "sp037",
    "lore": "Xelotuft — 레어 종족. (로어 스텁: 실아트 교체 단계에서 작성)",
    "name": "Xelotuft",
    "paletteFamily": "sand",
    "rarity": "rare",
  },
  {
    "allowedParts": {
      "appendage": [
        "app04",
        "app07",
        "app10",
      ],
      "eyes": [
        "eyes16",
        "eyes05",
        "eyes10",
        "eyes15",
      ],
      "mouth": [
        "mouth03",
        "mouth08",
        "mouth01",
      ],
      "pattern": [
        "pat09",
        "pat02",
        "pat05",
      ],
    },
    "fixedParts": {
      "body": "body02",
    },
    "id": "sp038",
    "lore": "Yuradell — 레어 종족. (로어 스텁: 실아트 교체 단계에서 작성)",
    "name": "Yuradell",
    "paletteFamily": "ice",
    "rarity": "rare",
  },
  {
    "allowedParts": {
      "appendage": [
        "app09",
        "app12",
        "app01",
      ],
      "eyes": [
        "eyes03",
        "eyes08",
        "eyes13",
        "eyes02",
      ],
      "mouth": [
        "mouth05",
        "mouth10",
        "mouth03",
      ],
      "pattern": [
        "pat03",
        "pat06",
        "pat09",
      ],
    },
    "fixedParts": {
      "body": "body03",
    },
    "id": "sp039",
    "lore": "Zonkmox — 레어 종족. (로어 스텁: 실아트 교체 단계에서 작성)",
    "name": "Zonkmox",
    "paletteFamily": "toxic",
    "rarity": "rare",
  },
  {
    "allowedParts": {
      "appendage": [
        "app14",
        "app03",
        "app06",
      ],
      "eyes": [
        "eyes06",
        "eyes11",
        "eyes16",
        "eyes05",
      ],
      "mouth": [
        "mouth07",
        "mouth12",
        "mouth05",
      ],
      "pattern": [
        "pat07",
        "pat10",
        "pat03",
      ],
    },
    "fixedParts": {
      "body": "body04",
    },
    "id": "sp040",
    "lore": "Abovore — 레어 종족. (로어 스텁: 실아트 교체 단계에서 작성)",
    "name": "Abovore",
    "paletteFamily": "nebula",
    "rarity": "rare",
  },
  {
    "allowedParts": {
      "appendage": [
        "app05",
        "app08",
        "app11",
      ],
      "eyes": [
        "eyes09",
        "eyes14",
        "eyes03",
        "eyes08",
      ],
      "mouth": [
        "mouth09",
        "mouth02",
        "mouth07",
      ],
      "pattern": [
        "pat01",
        "pat04",
        "pat07",
      ],
    },
    "fixedParts": {
      "body": "body05",
    },
    "id": "sp041",
    "lore": "Glofang — 레어 종족. (로어 스텁: 실아트 교체 단계에서 작성)",
    "name": "Glofang",
    "paletteFamily": "ember",
    "rarity": "rare",
  },
  {
    "allowedParts": {
      "appendage": [
        "app10",
        "app13",
        "app02",
      ],
      "eyes": [
        "eyes12",
        "eyes01",
        "eyes06",
        "eyes11",
      ],
      "mouth": [
        "mouth11",
        "mouth04",
        "mouth09",
      ],
      "pattern": [
        "pat05",
        "pat08",
        "pat01",
      ],
    },
    "fixedParts": {
      "body": "body06",
    },
    "id": "sp042",
    "lore": "Zefnib — 레어 종족. (로어 스텁: 실아트 교체 단계에서 작성)",
    "name": "Zefnib",
    "paletteFamily": "ocean",
    "rarity": "rare",
  },
  {
    "allowedParts": {
      "appendage": [
        "app01",
        "app04",
        "app07",
      ],
      "eyes": [
        "eyes15",
        "eyes04",
        "eyes09",
        "eyes14",
      ],
      "mouth": [
        "mouth01",
        "mouth06",
        "mouth11",
      ],
      "pattern": [
        "pat09",
        "pat02",
        "pat05",
      ],
    },
    "fixedParts": {
      "body": "body07",
    },
    "id": "sp043",
    "lore": "Marawink — 레어 종족. (로어 스텁: 실아트 교체 단계에서 작성)",
    "name": "Marawink",
    "paletteFamily": "flora",
    "rarity": "rare",
  },
  {
    "allowedParts": {
      "appendage": [
        "app06",
        "app09",
        "app12",
      ],
      "eyes": [
        "eyes02",
        "eyes07",
        "eyes12",
        "eyes01",
      ],
      "mouth": [
        "mouth03",
        "mouth08",
        "mouth01",
      ],
      "pattern": [
        "pat03",
        "pat06",
        "pat09",
      ],
    },
    "fixedParts": {
      "body": "body08",
    },
    "id": "sp044",
    "lore": "Quilgle — 레어 종족. (로어 스텁: 실아트 교체 단계에서 작성)",
    "name": "Quilgle",
    "paletteFamily": "violet",
    "rarity": "rare",
  },
  {
    "allowedParts": {
      "appendage": [
        "app11",
        "app14",
        "app03",
      ],
      "eyes": [
        "eyes05",
        "eyes10",
        "eyes15",
        "eyes04",
      ],
      "mouth": [
        "mouth05",
        "mouth10",
        "mouth03",
      ],
      "pattern": [
        "pat07",
        "pat10",
        "pat03",
      ],
    },
    "fixedParts": {
      "body": "body09",
    },
    "id": "sp045",
    "lore": "Bompod — 레어 종족. (로어 스텁: 실아트 교체 단계에서 작성)",
    "name": "Bompod",
    "paletteFamily": "sand",
    "rarity": "rare",
  },
  {
    "allowedParts": {
      "appendage": [
        "app02",
        "app05",
        "app08",
      ],
      "eyes": [
        "eyes08",
        "eyes13",
        "eyes02",
        "eyes07",
      ],
      "mouth": [
        "mouth07",
        "mouth12",
        "mouth05",
      ],
      "pattern": [
        "pat01",
        "pat04",
        "pat07",
      ],
    },
    "fixedParts": {
      "body": "body10",
    },
    "id": "sp046",
    "lore": "Serayarn — 레어 종족. (로어 스텁: 실아트 교체 단계에서 작성)",
    "name": "Serayarn",
    "paletteFamily": "ice",
    "rarity": "rare",
  },
  {
    "allowedParts": {
      "appendage": [
        "app07",
        "app10",
        "app13",
      ],
      "eyes": [
        "eyes11",
        "eyes16",
        "eyes05",
        "eyes10",
      ],
      "mouth": [
        "mouth09",
        "mouth02",
        "mouth07",
      ],
      "pattern": [
        "pat05",
        "pat08",
        "pat01",
      ],
    },
    "fixedParts": {
      "body": "body11",
    },
    "id": "sp047",
    "lore": "Tikohorn — 레어 종족. (로어 스텁: 실아트 교체 단계에서 작성)",
    "name": "Tikohorn",
    "paletteFamily": "toxic",
    "rarity": "rare",
  },
  {
    "allowedParts": {
      "appendage": [
        "app12",
        "app01",
        "app04",
      ],
      "eyes": [
        "eyes14",
        "eyes03",
        "eyes08",
        "eyes13",
      ],
      "mouth": [
        "mouth11",
        "mouth04",
        "mouth09",
      ],
      "pattern": [
        "pat09",
        "pat02",
        "pat05",
      ],
    },
    "fixedParts": {
      "body": "body12",
    },
    "id": "sp048",
    "lore": "Velquill — 레어 종족. (로어 스텁: 실아트 교체 단계에서 작성)",
    "name": "Velquill",
    "paletteFamily": "nebula",
    "rarity": "rare",
  },
  {
    "allowedParts": {
      "appendage": [
        "app03",
        "app06",
        "app09",
      ],
      "eyes": [
        "eyes01",
        "eyes06",
        "eyes11",
        "eyes16",
      ],
      "mouth": [
        "mouth01",
        "mouth06",
        "mouth11",
      ],
      "pattern": [
        "pat03",
        "pat06",
        "pat09",
      ],
    },
    "fixedParts": {
      "body": "body01",
    },
    "id": "sp049",
    "lore": "Nimzest — 레어 종족. (로어 스텁: 실아트 교체 단계에서 작성)",
    "name": "Nimzest",
    "paletteFamily": "ember",
    "rarity": "rare",
  },
  {
    "allowedParts": {
      "appendage": [
        "app08",
        "app11",
        "app14",
      ],
      "eyes": [
        "eyes04",
        "eyes09",
        "eyes14",
        "eyes03",
      ],
      "mouth": [
        "mouth03",
        "mouth08",
        "mouth01",
      ],
      "pattern": [
        "pat07",
        "pat10",
        "pat03",
      ],
    },
    "fixedParts": {
      "body": "body02",
    },
    "id": "sp050",
    "lore": "Oxajell — 레어 종족. (로어 스텁: 실아트 교체 단계에서 작성)",
    "name": "Oxajell",
    "paletteFamily": "ocean",
    "rarity": "rare",
  },
  {
    "allowedParts": {
      "appendage": [
        "app13",
        "app02",
        "app05",
      ],
      "eyes": [
        "eyes07",
        "eyes12",
        "eyes01",
        "eyes06",
      ],
      "mouth": [
        "mouth05",
        "mouth10",
        "mouth03",
      ],
      "pattern": [
        "pat01",
        "pat04",
        "pat07",
      ],
    },
    "fixedParts": {
      "body": "body03",
    },
    "id": "sp051",
    "lore": "Pjurell — 에픽 종족. (로어 스텁: 실아트 교체 단계에서 작성)",
    "name": "Pjurell",
    "paletteFamily": "flora",
    "rarity": "epic",
  },
  {
    "allowedParts": {
      "appendage": [
        "app04",
        "app07",
        "app10",
      ],
      "eyes": [
        "eyes10",
        "eyes15",
        "eyes04",
        "eyes09",
      ],
      "mouth": [
        "mouth07",
        "mouth12",
        "mouth05",
      ],
      "pattern": [
        "pat05",
        "pat08",
        "pat01",
      ],
    },
    "fixedParts": {
      "body": "body04",
    },
    "id": "sp052",
    "lore": "Rynbit — 에픽 종족. (로어 스텁: 실아트 교체 단계에서 작성)",
    "name": "Rynbit",
    "paletteFamily": "violet",
    "rarity": "epic",
  },
  {
    "allowedParts": {
      "appendage": [
        "app09",
        "app12",
        "app01",
      ],
      "eyes": [
        "eyes13",
        "eyes02",
        "eyes07",
        "eyes12",
      ],
      "mouth": [
        "mouth09",
        "mouth02",
        "mouth07",
      ],
      "pattern": [
        "pat09",
        "pat02",
        "pat05",
      ],
    },
    "fixedParts": {
      "body": "body05",
    },
    "id": "sp053",
    "lore": "Sunikin — 에픽 종족. (로어 스텁: 실아트 교체 단계에서 작성)",
    "name": "Sunikin",
    "paletteFamily": "sand",
    "rarity": "epic",
  },
  {
    "allowedParts": {
      "appendage": [
        "app14",
        "app03",
        "app06",
      ],
      "eyes": [
        "eyes16",
        "eyes05",
        "eyes10",
        "eyes15",
      ],
      "mouth": [
        "mouth11",
        "mouth04",
        "mouth09",
      ],
      "pattern": [
        "pat03",
        "pat06",
        "pat09",
      ],
    },
    "fixedParts": {
      "body": "body06",
    },
    "id": "sp054",
    "lore": "Tuluspore — 에픽 종족. (로어 스텁: 실아트 교체 단계에서 작성)",
    "name": "Tuluspore",
    "paletteFamily": "ice",
    "rarity": "epic",
  },
  {
    "allowedParts": {
      "appendage": [
        "app05",
        "app08",
        "app11",
      ],
      "eyes": [
        "eyes03",
        "eyes08",
        "eyes13",
        "eyes02",
      ],
      "mouth": [
        "mouth01",
        "mouth06",
        "mouth11",
      ],
      "pattern": [
        "pat07",
        "pat10",
        "pat03",
      ],
    },
    "fixedParts": {
      "body": "body07",
    },
    "id": "sp055",
    "lore": "Umbracor — 에픽 종족. (로어 스텁: 실아트 교체 단계에서 작성)",
    "name": "Umbracor",
    "paletteFamily": "toxic",
    "rarity": "epic",
  },
  {
    "allowedParts": {
      "appendage": [
        "app10",
        "app13",
        "app02",
      ],
      "eyes": [
        "eyes06",
        "eyes11",
        "eyes16",
        "eyes05",
      ],
      "mouth": [
        "mouth03",
        "mouth08",
        "mouth01",
      ],
      "pattern": [
        "pat01",
        "pat04",
        "pat07",
      ],
    },
    "fixedParts": {
      "body": "body08",
    },
    "id": "sp056",
    "lore": "Wizloom — 에픽 종족. (로어 스텁: 실아트 교체 단계에서 작성)",
    "name": "Wizloom",
    "paletteFamily": "nebula",
    "rarity": "epic",
  },
  {
    "allowedParts": {
      "appendage": [
        "app01",
        "app04",
        "app07",
      ],
      "eyes": [
        "eyes09",
        "eyes14",
        "eyes03",
        "eyes08",
      ],
      "mouth": [
        "mouth05",
        "mouth10",
        "mouth03",
      ],
      "pattern": [
        "pat05",
        "pat08",
        "pat01",
      ],
    },
    "fixedParts": {
      "body": "body09",
    },
    "id": "sp057",
    "lore": "Xelotuft — 에픽 종족. (로어 스텁: 실아트 교체 단계에서 작성)",
    "name": "Xelotuft",
    "paletteFamily": "ember",
    "rarity": "epic",
  },
  {
    "allowedParts": {
      "appendage": [
        "app06",
        "app09",
        "app12",
      ],
      "eyes": [
        "eyes12",
        "eyes01",
        "eyes06",
        "eyes11",
      ],
      "mouth": [
        "mouth07",
        "mouth12",
        "mouth05",
      ],
      "pattern": [
        "pat09",
        "pat02",
        "pat05",
      ],
    },
    "fixedParts": {
      "body": "body10",
    },
    "id": "sp058",
    "lore": "Yuradell — 에픽 종족. (로어 스텁: 실아트 교체 단계에서 작성)",
    "name": "Yuradell",
    "paletteFamily": "ocean",
    "rarity": "epic",
  },
  {
    "allowedParts": {
      "appendage": [
        "app11",
        "app14",
      ],
      "eyes": [
        "eyes15",
        "eyes04",
      ],
      "mouth": [
        "mouth09",
        "mouth02",
      ],
    },
    "fixedParts": {
      "body": "body11",
      "pattern": "pat05",
    },
    "id": "sp059",
    "lore": "Zonkmox — 레전더리 종족. (로어 스텁: 실아트 교체 단계에서 작성)",
    "name": "Zonkmox",
    "paletteFamily": "flora",
    "rarity": "legendary",
  },
  {
    "allowedParts": {
      "appendage": [
        "app02",
        "app05",
      ],
      "eyes": [
        "eyes02",
        "eyes07",
      ],
      "mouth": [
        "mouth11",
        "mouth04",
      ],
    },
    "fixedParts": {
      "body": "body12",
      "pattern": "pat08",
    },
    "id": "sp060",
    "lore": "Abovore — 레전더리 종족. (로어 스텁: 실아트 교체 단계에서 작성)",
    "name": "Abovore",
    "paletteFamily": "violet",
    "rarity": "legendary",
  },
]
`;

exports[`우주 생성물 골든 마스터 > 시드 ANDROMEDA의 우주가 영구히 같다 1`] = `
{
  "encounters": [
    {
      "alien": {
        "individualId": "5e4e25c24970ca7c1d62d712230272fa",
        "name": "Boba",
        "palette": {
          "accent": "#ffd166",
          "primary": "#ff6b35",
          "secondary": "#7a2e12",
        },
        "parts": {
          "appendage": "app05",
          "body": "body05",
          "eyes": "eyes14",
          "mouth": "mouth07",
          "pattern": "pat07",
        },
        "rarity": "rare",
        "speciesId": "sp041",
      },
      "planetId": "2:0:3:0:p0",
    },
    {
      "alien": {
        "individualId": "2ffe15931b890c2656754c771cb7e6eb",
        "name": "Wimkiki",
        "palette": {
          "accent": "#fff275",
          "primary": "#ff8c42",
          "secondary": "#8c3a1d",
        },
        "parts": {
          "appendage": "app05",
          "body": "body09",
          "eyes": "eyes08",
          "mouth": "mouth10",
          "pattern": "pat06",
        },
        "rarity": "common",
        "speciesId": "sp009",
      },
      "planetId": "2:0:3:0:p1",
    },
  ],
  "genVersion": 1,
  "sector": {
    "coords": {
      "sx": 2,
      "sy": 0,
      "sz": 3,
    },
    "stars": [
      {
        "id": "2:0:3:0",
        "localPos": [
          77.12015761062503,
          5.64805509056896,
          56.13328041508794,
        ],
        "name": "Ishulak-852",
        "sector": {
          "sx": 2,
          "sy": 0,
          "sz": 3,
        },
        "spectral": "F",
      },
      {
        "id": "2:0:3:1",
        "localPos": [
          72.29156815446913,
          49.20708753634244,
          24.42111261188984,
        ],
        "name": "Eler-858",
        "sector": {
          "sx": 2,
          "sy": 0,
          "sz": 3,
        },
        "spectral": "F",
      },
      {
        "id": "2:0:3:2",
        "localPos": [
          4.367959685623646,
          36.992027051746845,
          36.32584901060909,
        ],
        "name": "Elarar-771",
        "sector": {
          "sx": 2,
          "sy": 0,
          "sz": 3,
        },
        "spectral": "M",
      },
      {
        "id": "2:0:3:3",
        "localPos": [
          95.17751943785697,
          71.42920370679349,
          4.202664294280112,
        ],
        "name": "Urir-823",
        "sector": {
          "sx": 2,
          "sy": 0,
          "sz": 3,
        },
        "spectral": "F",
      },
      {
        "id": "2:0:3:4",
        "localPos": [
          73.475311556831,
          43.88228394091129,
          16.0996361868456,
        ],
        "name": "Vegius-294",
        "sector": {
          "sx": 2,
          "sy": 0,
          "sz": 3,
        },
        "spectral": "G",
      },
      {
        "id": "2:0:3:5",
        "localPos": [
          89.74656264763325,
          13.213384640403092,
          38.85403017047793,
        ],
        "name": "Keleri-586",
        "sector": {
          "sx": 2,
          "sy": 0,
          "sz": 3,
        },
        "spectral": "G",
      },
      {
        "id": "2:0:3:6",
        "localPos": [
          33.060401235707104,
          50.771602406166494,
          53.91836049966514,
        ],
        "name": "Xiir-821",
        "sector": {
          "sx": 2,
          "sy": 0,
          "sz": 3,
        },
        "spectral": "K",
      },
      {
        "id": "2:0:3:7",
        "localPos": [
          21.841376624070108,
          70.7115413621068,
          31.23202216811478,
        ],
        "name": "Foar-567",
        "sector": {
          "sx": 2,
          "sy": 0,
          "sz": 3,
        },
        "spectral": "M",
      },
      {
        "id": "2:0:3:8",
        "localPos": [
          68.14516801387072,
          32.29902186430991,
          85.39009725209326,
        ],
        "name": "Quiarak-499",
        "sector": {
          "sx": 2,
          "sy": 0,
          "sz": 3,
        },
        "spectral": "M",
      },
      {
        "id": "2:0:3:9",
        "localPos": [
          36.34864466730505,
          67.57155957166106,
          64.58851660136133,
        ],
        "name": "Rigo-904",
        "sector": {
          "sx": 2,
          "sy": 0,
          "sz": 3,
        },
        "spectral": "F",
      },
      {
        "id": "2:0:3:10",
        "localPos": [
          67.04049224499613,
          1.5795146813616157,
          37.29677093215287,
        ],
        "name": "Yilir-697",
        "sector": {
          "sx": 2,
          "sy": 0,
          "sz": 3,
        },
        "spectral": "M",
      },
      {
        "id": "2:0:3:11",
        "localPos": [
          82.26065109483898,
          52.07336787134409,
          65.34158873837441,
        ],
        "name": "Quiarar-130",
        "sector": {
          "sx": 2,
          "sy": 0,
          "sz": 3,
        },
        "spectral": "F",
      },
      {
        "id": "2:0:3:12",
        "localPos": [
          48.70173134841025,
          31.99439770542085,
          97.80817672144622,
        ],
        "name": "Ishulath-531",
        "sector": {
          "sx": 2,
          "sy": 0,
          "sz": 3,
        },
        "spectral": "M",
      },
      {
        "id": "2:0:3:13",
        "localPos": [
          40.829821256920695,
          67.40422048605978,
          3.2439658418297768,
        ],
        "name": "Miraerix-295",
        "sector": {
          "sx": 2,
          "sy": 0,
          "sz": 3,
        },
        "spectral": "M",
      },
      {
        "id": "2:0:3:14",
        "localPos": [
          38.68738287128508,
          1.265866495668888,
          1.066181343048811,
        ],
        "name": "Cygo-917",
        "sector": {
          "sx": 2,
          "sy": 0,
          "sz": 3,
        },
        "spectral": "M",
      },
      {
        "id": "2:0:3:15",
        "localPos": [
          91.3379845675081,
          86.35221710428596,
          98.37797039654106,
        ],
        "name": "Ureri-601",
        "sector": {
          "sx": 2,
          "sy": 0,
          "sz": 3,
        },
        "spectral": "A",
      },
      {
        "id": "2:0:3:16",
        "localPos": [
          38.383905799128115,
          11.428250488825142,
          6.37592829298228,
        ],
        "name": "Rigerix-638",
        "sector": {
          "sx": 2,
          "sy": 0,
          "sz": 3,
        },
        "spectral": "G",
      },
      {
        "id": "2:0:3:17",
        "localPos": [
          94.14013910572976,
          33.5349036147818,
          10.35701297223568,
        ],
        "name": "Belaras-399",
        "sector": {
          "sx": 2,
          "sy": 0,
          "sz": 3,
        },
        "spectral": "G",
      },
      {
        "id": "2:0:3:18",
        "localPos": [
          97.58473262190819,
          89.16609510779381,
          8.164298813790083,
        ],
        "name": "Junak-905",
        "sector": {
          "sx": 2,
          "sy": 0,
          "sz": 3,
        },
        "spectral": "M",
      },
      {
        "id": "2:0:3:19",
        "localPos": [
          19.950303598307073,
          81.85601122677326,
          99.70130755100399,
        ],
        "name": "Xierik-737",
        "sector": {
          "sx": 2,
          "sy": 0,
          "sz": 3,
        },
        "spectral": "M",
      },
      {
        "id": "2:0:3:20",
        "localPos": [
          18.525069835595787,
          64.42287736572325,
          3.3968918956816196,
        ],
        "name": "Fouk-378",
        "sector": {
          "sx": 2,
          "sy": 0,
          "sz": 3,
        },
        "spectral": "F",
      },
      {
        "id": "2:0:3:21",
        "localPos": [
          15.938534471206367,
          5.826157773844898,
          84.96798523701727,
        ],
        "name": "Hyius-794",
        "sector": {
          "sx": 2,
          "sy": 0,
          "sz": 3,
        },
        "spectral": "O",
      },
      {
        "id": "2:0:3:22",
        "localPos": [
          46.70814040582627,
          94.34730946086347,
          52.63517035637051,
        ],
        "name": "Poliuss-678",
        "sector": {
          "sx": 2,
          "sy": 0,
          "sz": 3,
        },
        "spectral": "M",
      },
      {
        "id": "2:0:3:23",
        "localPos": [
          51.76317486912012,
          63.998047867789865,
          21.585632278583944,
        ],
        "name": "Veguk-696",
        "sector": {
          "sx": 2,
          "sy": 0,
          "sz": 3,
        },
        "spectral": "M",
      },
      {
        "id": "2:0:3:24",
        "localPos": [
          52.925105509348214,
          76.26298610121012,
          25.610512029379606,
        ],
        "name": "Vegulan-112",
        "sector": {
          "sx": 2,
          "sy": 0,
          "sz": 3,
        },
        "spectral": "G",
      },
      {
        "id": "2:0:3:25",
        "localPos": [
          39.96630306355655,
          73.43897258397192,
          73.36608089972287,
        ],
        "name": "Tauox-518",
        "sector": {
          "sx": 2,
          "sy": 0,
          "sz": 3,
        },
        "spectral": "F",
      },
      {
        "id": "2:0:3:26",
        "localPos": [
          28.340282756835222,
          53.198451455682516,
          81.0972886160016,
        ],
        "name": "Denir-109",
        "sector": {
          "sx": 2,
          "sy": 0,
          "sz": 3,
        },
        "spectral": "M",
      },
      {
        "id": "2:0:3:27",
        "localPos": [
          34.8393727093935,
          27.792886784300208,
          5.79981510527432,
        ],
        "name": "Zubus-340",
        "sector": {
          "sx": 2,
          "sy": 0,
          "sz": 3,
        },
        "spectral": "F",
      },
      {
        "id": "2:0:3:28",
        "localPos": [
          60.38291337899864,
          98.45187249593437,
          59.698950638994575,
        ],
        "name": "Orions-903",
        "sector": {
          "sx": 2,
          "sy": 0,
          "sz": 3,
        },
        "spectral": "K",
      },
      {
        "id": "2:0:3:29",
        "localPos": [
          5.170378508046269,
          76.65413615759462,
          27.362484112381935,
        ],
        "name": "Nashon-173",
        "sector": {
          "sx": 2,
          "sy": 0,
          "sz": 3,
        },
        "spectral": "B",
      },
      {
        "id": "2:0:3:30",
        "localPos": [
          61.137109994888306,
          59.200375294312835,
          5.733992881141603,
        ],
        "name": "Vegas-933",
        "sector": {
          "sx": 2,
          "sy": 0,
          "sz": 3,
        },
        "spectral": "A",
      },
      {
        "id": "2:0:3:31",
        "localPos": [
          22.53064322285354,
          8.276563556864858,
          5.437918636016548,
        ],
        "name": "Alulax-535",
        "sector": {
          "sx": 2,
          "sy": 0,
          "sz": 3,
        },
        "spectral": "A",
      },
      {
        "id": "2:0:3:32",
        "localPos": [
          7.6313246274366975,
          36.84566244482994,
          13.58114113099873,
        ],
        "name": "Ishik-392",
        "sector": {
          "sx": 2,
          "sy": 0,
          "sz": 3,
        },
        "spectral": "M",
      },
      {
        "id": "2:0:3:33",
        "localPos": [
          87.33408222906291,
          4.531417274847627,
          81.11877837218344,
        ],
        "name": "Uriusth-587",
        "sector": {
          "sx": 2,
          "sy": 0,
          "sz": 3,
        },
        "spectral": "M",
      },
      {
        "id": "2:0:3:34",
        "localPos": [
          84.21689427923411,
          25.123480008915067,
          34.79626523330808,
        ],
        "name": "Zubius-609",
        "sector": {
          "sx": 2,
          "sy": 0,
          "sz": 3,
        },
        "spectral": "A",
      },
      {
        "id": "2:0:3:35",
        "localPos": [
          82.52004815731198,
          66.19047343265265,
          67.31879699509591,
        ],
        "name": "Oros-199",
        "sector": {
          "sx": 2,
          "sy": 0,
          "sz": 3,
        },
        "spectral": "K",
      },
      {
        "id": "2:0:3:36",
        "localPos": [
          79.58684773184359,
          63.962775841355324,
          28.25690198224038,
        ],
        "name": "Lyrula-423",
        "sector": {
          "sx": 2,
          "sy": 0,
          "sz": 3,
        },
        "spectral": "A",
      },
      {
        "id": "2:0:3:37",
        "localPos": [
          10.171117633581161,
          78.4818623913452,
          86.78914292249829,
        ],
        "name": "Keli-591",
        "sector": {
          "sx": 2,
          "sy": 0,
          "sz": 3,
        },
        "spectral": "M",
      },
      {
        "id": "2:0:3:38",
        "localPos": [
          61.990025476552546,
          92.01573552563787,
          81.47963515948504,
        ],
        "name": "Isharath-150",
        "sector": {
          "sx": 2,
          "sy": 0,
          "sz": 3,
        },
        "spectral": "M",
      },
      {
        "id": "2:0:3:39",
        "localPos": [
          4.458118788897991,
          62.672364828176796,
          37.24164848681539,
        ],
        "name": "Miraer-215",
        "sector": {
          "sx": 2,
          "sy": 0,
          "sz": 3,
        },
        "spectral": "M",
      },
      {
        "id": "2:0:3:40",
        "localPos": [
          90.47378154937178,
          77.352439542301,
          92.17062210664153,
        ],
        "name": "Junin-546",
        "sector": {
          "sx": 2,
          "sy": 0,
          "sz": 3,
        },
        "spectral": "F",
      },
      {
        "id": "2:0:3:41",
        "localPos": [
          47.01503643300384,
          17.492477875202894,
          50.1464958768338,
        ],
        "name": "Denen-638",
        "sector": {
          "sx": 2,
          "sy": 0,
          "sz": 3,
        },
        "spectral": "M",
      },
      {
        "id": "2:0:3:42",
        "localPos": [
          71.23061721213162,
          58.995229098945856,
          67.11513081099838,
        ],
        "name": "Polulath-658",
        "sector": {
          "sx": 2,
          "sy": 0,
          "sz": 3,
        },
        "spectral": "G",
      },
      {
        "id": "2:0:3:43",
        "localPos": [
          12.059191358275712,
          20.866103027947247,
          17.482752236537635,
        ],
        "name": "Quia-329",
        "sector": {
          "sx": 2,
          "sy": 0,
          "sz": 3,
        },
        "spectral": "M",
      },
      {
        "id": "2:0:3:44",
        "localPos": [
          57.750120013952255,
          55.2651921287179,
          35.45059924945235,
        ],
        "name": "Miraerir-982",
        "sector": {
          "sx": 2,
          "sy": 0,
          "sz": 3,
        },
        "spectral": "M",
      },
    ],
  },
  "system": {
    "planets": [
      {
        "hasLife": false,
        "id": "2:0:3:0:p0",
        "index": 0,
        "kind": "gas",
        "name": "Caluna",
        "orbitAu": 0.9999345794320107,
        "paletteSeed": 816311927,
        "radius": 3.5253133308142424,
        "starId": "2:0:3:0",
      },
      {
        "hasLife": false,
        "id": "2:0:3:0:p1",
        "index": 1,
        "kind": "rocky",
        "name": "Quorys",
        "orbitAu": 1.469917031005025,
        "paletteSeed": 1757126016,
        "radius": 1.0340069209225475,
        "starId": "2:0:3:0",
      },
      {
        "hasLife": false,
        "id": "2:0:3:0:p2",
        "index": 2,
        "kind": "gas",
        "name": "Ossuna",
        "orbitAu": 2.1089060256257652,
        "paletteSeed": 397636285,
        "radius": 3.9483532414305955,
        "starId": "2:0:3:0",
      },
      {
        "hasLife": false,
        "id": "2:0:3:0:p3",
        "index": 3,
        "kind": "gas",
        "name": "Selios",
        "orbitAu": 2.4661586677655576,
        "paletteSeed": 1224142766,
        "radius": 4.276804567081854,
        "starId": "2:0:3:0",
      },
      {
        "hasLife": false,
        "id": "2:0:3:0:p4",
        "index": 4,
        "kind": "rocky",
        "name": "Prauna",
        "orbitAu": 3.3110792082734406,
        "paletteSeed": 458782026,
        "radius": 0.40008775154128673,
        "starId": "2:0:3:0",
      },
      {
        "hasLife": false,
        "id": "2:0:3:0:p5",
        "index": 5,
        "kind": "gas",
        "name": "Jorantha",
        "orbitAu": 3.7636869602836667,
        "paletteSeed": 248726767,
        "radius": 3.2168317364994437,
        "starId": "2:0:3:0",
      },
      {
        "hasLife": false,
        "id": "2:0:3:0:p6",
        "index": 6,
        "kind": "rocky",
        "name": "Rhotis",
        "orbitAu": 4.484308153949678,
        "paletteSeed": 112700109,
        "radius": 1.3832923972979188,
        "starId": "2:0:3:0",
      },
      {
        "hasLife": false,
        "id": "2:0:3:0:p7",
        "index": 7,
        "kind": "rocky",
        "name": "Calia",
        "orbitAu": 4.931405640859157,
        "paletteSeed": 983773051,
        "radius": 1.3551810150966048,
        "starId": "2:0:3:0",
      },
    ],
    "starId": "2:0:3:0",
  },
}
`;

exports[`우주 생성물 골든 마스터 > 시드 SOL1969의 우주가 영구히 같다 1`] = `
{
  "encounters": [
    {
      "alien": {
        "individualId": "45e69ff4b3dcaab6382eaa39b8f83b0e",
        "name": "Quoki",
        "palette": {
          "accent": "#faedcd",
          "primary": "#d4a373",
          "secondary": "#6b4d2e",
        },
        "parts": {
          "appendage": "app11",
          "body": "body01",
          "eyes": "eyes10",
          "mouth": "mouth01",
          "pattern": "pat02",
        },
        "rarity": "common",
        "speciesId": "sp013",
      },
      "planetId": "2:0:3:0:p0",
    },
    {
      "alien": {
        "individualId": "4936e85f24e2daf5a165fa064a217978",
        "name": "Fizzzu",
        "palette": {
          "accent": "#cbf3f0",
          "primary": "#2ec4b6",
          "secondary": "#0b3954",
        },
        "parts": {
          "appendage": "app04",
          "body": "body10",
          "eyes": "eyes14",
          "mouth": "mouth05",
          "pattern": "pat03",
        },
        "rarity": "rare",
        "speciesId": "sp034",
      },
      "planetId": "2:0:3:0:p1",
    },
  ],
  "genVersion": 1,
  "sector": {
    "coords": {
      "sx": 2,
      "sy": 0,
      "sz": 3,
    },
    "stars": [
      {
        "id": "2:0:3:0",
        "localPos": [
          80.49439254682511,
          83.74290729407221,
          25.63448203727603,
        ],
        "name": "Keloth-465",
        "sector": {
          "sx": 2,
          "sy": 0,
          "sz": 3,
        },
        "spectral": "G",
      },
      {
        "id": "2:0:3:1",
        "localPos": [
          75.61303961556405,
          76.2634492944926,
          58.989669336006045,
        ],
        "name": "Quiiuss-923",
        "sector": {
          "sx": 2,
          "sy": 0,
          "sz": 3,
        },
        "spectral": "M",
      },
      {
        "id": "2:0:3:2",
        "localPos": [
          16.979206493124366,
          27.33426634222269,
          86.82675450108945,
        ],
        "name": "Wezur-966",
        "sector": {
          "sx": 2,
          "sy": 0,
          "sz": 3,
        },
        "spectral": "A",
      },
      {
        "id": "2:0:3:3",
        "localPos": [
          9.647966967895627,
          76.89121155999601,
          26.517822430469096,
        ],
        "name": "Hyeri-847",
        "sector": {
          "sx": 2,
          "sy": 0,
          "sz": 3,
        },
        "spectral": "M",
      },
      {
        "id": "2:0:3:4",
        "localPos": [
          33.09026346541941,
          51.92924998700619,
          71.4417289942503,
        ],
        "name": "Lyrarar-305",
        "sector": {
          "sx": 2,
          "sy": 0,
          "sz": 3,
        },
        "spectral": "A",
      },
      {
        "id": "2:0:3:5",
        "localPos": [
          48.5745940124616,
          41.986410692334175,
          83.98343182634562,
        ],
        "name": "Rigix-354",
        "sector": {
          "sx": 2,
          "sy": 0,
          "sz": 3,
        },
        "spectral": "B",
      },
      {
        "id": "2:0:3:6",
        "localPos": [
          45.51598357502371,
          36.801847303286195,
          0.6868029944598675,
        ],
        "name": "Cygax-581",
        "sector": {
          "sx": 2,
          "sy": 0,
          "sz": 3,
        },
        "spectral": "M",
      },
      {
        "id": "2:0:3:7",
        "localPos": [
          62.13848579209298,
          10.421275720000267,
          16.077115456573665,
        ],
        "name": "Kelik-648",
        "sector": {
          "sx": 2,
          "sy": 0,
          "sz": 3,
        },
        "spectral": "M",
      },
      {
        "id": "2:0:3:8",
        "localPos": [
          53.259251825511456,
          71.08417267445475,
          98.89519936405122,
        ],
        "name": "Foeth-309",
        "sector": {
          "sx": 2,
          "sy": 0,
          "sz": 3,
        },
        "spectral": "M",
      },
      {
        "id": "2:0:3:9",
        "localPos": [
          7.08101955242455,
          96.21939016506076,
          42.60416717734188,
        ],
        "name": "Deneri-823",
        "sector": {
          "sx": 2,
          "sy": 0,
          "sz": 3,
        },
        "spectral": "A",
      },
      {
        "id": "2:0:3:10",
        "localPos": [
          54.35016709379852,
          17.206002306193113,
          16.56536143273115,
        ],
        "name": "June-732",
        "sector": {
          "sx": 2,
          "sy": 0,
          "sz": 3,
        },
        "spectral": "F",
      },
      {
        "id": "2:0:3:11",
        "localPos": [
          72.27284524124116,
          38.8888691784814,
          83.0227349884808,
        ],
        "name": "Foionx-398",
        "sector": {
          "sx": 2,
          "sy": 0,
          "sz": 3,
        },
        "spectral": "F",
      },
      {
        "id": "2:0:3:12",
        "localPos": [
          11.842055479064584,
          9.94791123084724,
          90.9909849287942,
        ],
        "name": "Keliusx-693",
        "sector": {
          "sx": 2,
          "sy": 0,
          "sz": 3,
        },
        "spectral": "M",
      },
      {
        "id": "2:0:3:13",
        "localPos": [
          29.5797829516232,
          85.94157395418733,
          74.24662690609694,
        ],
        "name": "Lyrik-174",
        "sector": {
          "sx": 2,
          "sy": 0,
          "sz": 3,
        },
        "spectral": "M",
      },
      {
        "id": "2:0:3:14",
        "localPos": [
          78.08560442645103,
          30.044823116622865,
          18.672933569177985,
        ],
        "name": "Polerin-848",
        "sector": {
          "sx": 2,
          "sy": 0,
          "sz": 3,
        },
        "spectral": "K",
      },
      {
        "id": "2:0:3:15",
        "localPos": [
          39.77480900939554,
          84.64010790921748,
          28.5132521064952,
        ],
        "name": "Hyas-894",
        "sector": {
          "sx": 2,
          "sy": 0,
          "sz": 3,
        },
        "spectral": "M",
      },
      {
        "id": "2:0:3:16",
        "localPos": [
          85.24672808125615,
          52.4090182967484,
          16.587968450039625,
        ],
        "name": "Cyguk-333",
        "sector": {
          "sx": 2,
          "sy": 0,
          "sz": 3,
        },
        "spectral": "F",
      },
      {
        "id": "2:0:3:17",
        "localPos": [
          93.50474819075316,
          74.76585074327886,
          39.48328956030309,
        ],
        "name": "Veguth-892",
        "sector": {
          "sx": 2,
          "sy": 0,
          "sz": 3,
        },
        "spectral": "G",
      },
      {
        "id": "2:0:3:18",
        "localPos": [
          6.766563840210438,
          67.14281777385622,
          38.31066528800875,
        ],
        "name": "Quier-722",
        "sector": {
          "sx": 2,
          "sy": 0,
          "sz": 3,
        },
        "spectral": "G",
      },
      {
        "id": "2:0:3:19",
        "localPos": [
          93.70930125005543,
          18.32140542101115,
          32.57285365834832,
        ],
        "name": "Miraus-405",
        "sector": {
          "sx": 2,
          "sy": 0,
          "sz": 3,
        },
        "spectral": "K",
      },
      {
        "id": "2:0:3:20",
        "localPos": [
          39.07348068896681,
          71.30031967535615,
          84.27083548158407,
        ],
        "name": "Sirerik-813",
        "sector": {
          "sx": 2,
          "sy": 0,
          "sz": 3,
        },
        "spectral": "F",
      },
      {
        "id": "2:0:3:21",
        "localPos": [
          65.3722710441798,
          14.901958382688463,
          26.05549998115748,
        ],
        "name": "Miraor-679",
        "sector": {
          "sx": 2,
          "sy": 0,
          "sz": 3,
        },
        "spectral": "M",
      },
      {
        "id": "2:0:3:22",
        "localPos": [
          4.993640934117138,
          70.34894493408501,
          38.10330447740853,
        ],
        "name": "Nashux-702",
        "sector": {
          "sx": 2,
          "sy": 0,
          "sz": 3,
        },
        "spectral": "A",
      },
      {
        "id": "2:0:3:23",
        "localPos": [
          50.84861365612596,
          6.395718478597701,
          21.073901932686567,
        ],
        "name": "Wezus-927",
        "sector": {
          "sx": 2,
          "sy": 0,
          "sz": 3,
        },
        "spectral": "F",
      },
      {
        "id": "2:0:3:24",
        "localPos": [
          71.59288097172976,
          60.85312843788415,
          11.609407234936953,
        ],
        "name": "Alus-701",
        "sector": {
          "sx": 2,
          "sy": 0,
          "sz": 3,
        },
        "spectral": "M",
      },
      {
        "id": "2:0:3:25",
        "localPos": [
          84.09153544344008,
          90.91951756272465,
          6.718204473145306,
        ],
        "name": "Weziusx-754",
        "sector": {
          "sx": 2,
          "sy": 0,
          "sz": 3,
        },
        "spectral": "K",
      },
      {
        "id": "2:0:3:26",
        "localPos": [
          45.87221422698349,
          96.36095620226115,
          26.8129481934011,
        ],
        "name": "Denux-672",
        "sector": {
          "sx": 2,
          "sy": 0,
          "sz": 3,
        },
        "spectral": "K",
      },
      {
        "id": "2:0:3:27",
        "localPos": [
          21.402139123529196,
          24.070010636933148,
          37.3465872136876,
        ],
        "name": "Xiion-959",
        "sector": {
          "sx": 2,
          "sy": 0,
          "sz": 3,
        },
        "spectral": "G",
      },
      {
        "id": "2:0:3:28",
        "localPos": [
          48.62500892486423,
          67.86043166648597,
          26.454122667200863,
        ],
        "name": "Dener-521",
        "sector": {
          "sx": 2,
          "sy": 0,
          "sz": 3,
        },
        "spectral": "M",
      },
      {
        "id": "2:0:3:29",
        "localPos": [
          40.38783616852015,
          47.0940352184698,
          28.316097962670028,
        ],
        "name": "Zubex-419",
        "sector": {
          "sx": 2,
          "sy": 0,
          "sz": 3,
        },
        "spectral": "K",
      },
      {
        "id": "2:0:3:30",
        "localPos": [
          11.074682022444904,
          18.85604339186102,
          25.07088012062013,
        ],
        "name": "Tauon-327",
        "sector": {
          "sx": 2,
          "sy": 0,
          "sz": 3,
        },
        "spectral": "M",
      },
      {
        "id": "2:0:3:31",
        "localPos": [
          60.90466226451099,
          92.82701187767088,
          13.711986900307238,
        ],
        "name": "Zubun-104",
        "sector": {
          "sx": 2,
          "sy": 0,
          "sz": 3,
        },
        "spectral": "K",
      },
      {
        "id": "2:0:3:32",
        "localPos": [
          11.244724318385124,
          73.5092424089089,
          63.846232276409864,
        ],
        "name": "Tauulak-803",
        "sector": {
          "sx": 2,
          "sy": 0,
          "sz": 3,
        },
        "spectral": "K",
      },
      {
        "id": "2:0:3:33",
        "localPos": [
          25.386960664764047,
          11.197594203986228,
          87.04052756074816,
        ],
        "name": "Polak-531",
        "sector": {
          "sx": 2,
          "sy": 0,
          "sz": 3,
        },
        "spectral": "K",
      },
      {
        "id": "2:0:3:34",
        "localPos": [
          2.9590351041406393,
          85.48583521042019,
          68.81547111552209,
        ],
        "name": "Cygeris-208",
        "sector": {
          "sx": 2,
          "sy": 0,
          "sz": 3,
        },
        "spectral": "M",
      },
      {
        "id": "2:0:3:35",
        "localPos": [
          64.94635194540024,
          6.678079697303474,
          64.64760713279247,
        ],
        "name": "Zubaras-459",
        "sector": {
          "sx": 2,
          "sy": 0,
          "sz": 3,
        },
        "spectral": "F",
      },
      {
        "id": "2:0:3:36",
        "localPos": [
          64.90635292138904,
          22.918307222425938,
          62.88020603824407,
        ],
        "name": "Deneth-254",
        "sector": {
          "sx": 2,
          "sy": 0,
          "sz": 3,
        },
        "spectral": "G",
      },
      {
        "id": "2:0:3:37",
        "localPos": [
          51.94831939879805,
          95.0209578499198,
          94.75889701861888,
        ],
        "name": "Weziuss-783",
        "sector": {
          "sx": 2,
          "sy": 0,
          "sz": 3,
        },
        "spectral": "M",
      },
      {
        "id": "2:0:3:38",
        "localPos": [
          70.07251321338117,
          73.05828779935837,
          65.83078457042575,
        ],
        "name": "Elarak-938",
        "sector": {
          "sx": 2,
          "sy": 0,
          "sz": 3,
        },
        "spectral": "M",
      },
      {
        "id": "2:0:3:39",
        "localPos": [
          57.228777930140495,
          76.32706926669925,
          64.01827447116375,
        ],
        "name": "Xiionk-885",
        "sector": {
          "sx": 2,
          "sy": 0,
          "sz": 3,
        },
        "spectral": "B",
      },
      {
        "id": "2:0:3:40",
        "localPos": [
          53.61432877834886,
          45.560840028338134,
          86.1903143581003,
        ],
        "name": "Keloth-426",
        "sector": {
          "sx": 2,
          "sy": 0,
          "sz": 3,
        },
        "spectral": "M",
      },
      {
        "id": "2:0:3:41",
        "localPos": [
          59.37426958698779,
          30.759884789586067,
          93.05260707624257,
        ],
        "name": "Lyrionn-893",
        "sector": {
          "sx": 2,
          "sy": 0,
          "sz": 3,
        },
        "spectral": "K",
      },
      {
        "id": "2:0:3:42",
        "localPos": [
          91.835956601426,
          85.17010058276355,
          50.589911080896854,
        ],
        "name": "Orin-317",
        "sector": {
          "sx": 2,
          "sy": 0,
          "sz": 3,
        },
        "spectral": "G",
      },
      {
        "id": "2:0:3:43",
        "localPos": [
          49.748709332197905,
          26.0922473622486,
          63.72725781984627,
        ],
        "name": "Xiik-384",
        "sector": {
          "sx": 2,
          "sy": 0,
          "sz": 3,
        },
        "spectral": "K",
      },
    ],
  },
  "system": {
    "planets": [
      {
        "hasLife": false,
        "id": "2:0:3:0:p0",
        "index": 0,
        "kind": "gas",
        "name": "Ilynara",
        "orbitAu": 0.6480328990146518,
        "paletteSeed": 781213136,
        "radius": 4.452813509386033,
        "starId": "2:0:3:0",
      },
      {
        "hasLife": false,
        "id": "2:0:3:0:p1",
        "index": 1,
        "kind": "rocky",
        "name": "Nevys",
        "orbitAu": 1.4706686198711396,
        "paletteSeed": 1903175300,
        "radius": 1.42244930062443,
        "starId": "2:0:3:0",
      },
      {
        "hasLife": false,
        "id": "2:0:3:0:p2",
        "index": 2,
        "kind": "rocky",
        "name": "Goria",
        "orbitAu": 2.0721277895383534,
        "paletteSeed": 858695031,
        "radius": 0.7985552498139441,
        "starId": "2:0:3:0",
      },
      {
        "hasLife": false,
        "id": "2:0:3:0:p3",
        "index": 3,
        "kind": "rocky",
        "name": "Eritis",
        "orbitAu": 2.537813259847462,
        "paletteSeed": 1314045238,
        "radius": 1.144741604104638,
        "starId": "2:0:3:0",
      },
      {
        "hasLife": false,
        "id": "2:0:3:0:p4",
        "index": 4,
        "kind": "rocky",
        "name": "Kareon",
        "orbitAu": 3.1864127417095007,
        "paletteSeed": 1037721462,
        "radius": 1.0166088635101915,
        "starId": "2:0:3:0",
      },
      {
        "hasLife": false,
        "id": "2:0:3:0:p5",
        "index": 5,
        "kind": "rocky",
        "name": "Ossoth",
        "orbitAu": 3.782603680901229,
        "paletteSeed": 894606851,
        "radius": 1.3586862616240978,
        "starId": "2:0:3:0",
      },
      {
        "hasLife": false,
        "id": "2:0:3:0:p6",
        "index": 6,
        "kind": "rocky",
        "name": "Brennara",
        "orbitAu": 4.260694361571223,
        "paletteSeed": 1762131803,
        "radius": 1.088785426132381,
        "starId": "2:0:3:0",
      },
      {
        "hasLife": false,
        "id": "2:0:3:0:p7",
        "index": 7,
        "kind": "rocky",
        "name": "Goreon",
        "orbitAu": 5.1776540981605645,
        "paletteSeed": 1863882717,
        "radius": 0.9697203820571303,
        "starId": "2:0:3:0",
      },
    ],
    "starId": "2:0:3:0",
  },
}
`;

exports[`우주 생성물 골든 마스터 > 시드 ZETA42의 우주가 영구히 같다 1`] = `
{
  "encounters": [
    {
      "alien": {
        "individualId": "b55558e2c53d2ab6d623c288f687253c",
        "name": "Tosbaba",
        "palette": {
          "accent": "#ffd166",
          "primary": "#ff6b35",
          "secondary": "#7a2e12",
        },
        "parts": {
          "appendage": "app05",
          "body": "body09",
          "eyes": "eyes14",
          "mouth": "mouth05",
          "pattern": "pat06",
        },
        "rarity": "common",
        "speciesId": "sp009",
      },
      "planetId": "2:0:3:0:p0",
    },
    {
      "alien": {
        "individualId": "cfae15fd64a0d931746be0374dc0b8ca",
        "name": "Toskiki",
        "palette": {
          "accent": "#8ecae6",
          "primary": "#3a86ff",
          "secondary": "#14213d",
        },
        "parts": {
          "appendage": "app06",
          "body": "body02",
          "eyes": "eyes12",
          "mouth": "mouth08",
          "pattern": "pat04",
        },
        "rarity": "common",
        "speciesId": "sp026",
      },
      "planetId": "2:0:3:0:p1",
    },
  ],
  "genVersion": 1,
  "sector": {
    "coords": {
      "sx": 2,
      "sy": 0,
      "sz": 3,
    },
    "stars": [
      {
        "id": "2:0:3:0",
        "localPos": [
          59.86662164796144,
          75.39783152751625,
          49.328025383874774,
        ],
        "name": "Alarath-107",
        "sector": {
          "sx": 2,
          "sy": 0,
          "sz": 3,
        },
        "spectral": "F",
      },
      {
        "id": "2:0:3:1",
        "localPos": [
          18.320000916719437,
          85.42366416659206,
          74.15618933737278,
        ],
        "name": "Quiu-399",
        "sector": {
          "sx": 2,
          "sy": 0,
          "sz": 3,
        },
        "spectral": "M",
      },
      {
        "id": "2:0:3:2",
        "localPos": [
          30.73020710144192,
          44.65120821259916,
          85.83138682879508,
        ],
        "name": "Ura-911",
        "sector": {
          "sx": 2,
          "sy": 0,
          "sz": 3,
        },
        "spectral": "G",
      },
      {
        "id": "2:0:3:3",
        "localPos": [
          68.7508226139471,
          47.76042299345136,
          70.3629455063492,
        ],
        "name": "Belith-391",
        "sector": {
          "sx": 2,
          "sy": 0,
          "sz": 3,
        },
        "spectral": "K",
      },
      {
        "id": "2:0:3:4",
        "localPos": [
          75.13637160882354,
          42.67488524783403,
          20.7387417787686,
        ],
        "name": "Kelu-217",
        "sector": {
          "sx": 2,
          "sy": 0,
          "sz": 3,
        },
        "spectral": "K",
      },
      {
        "id": "2:0:3:5",
        "localPos": [
          63.40438458137214,
          34.25895001273602,
          0.3339526243507862,
        ],
        "name": "Kelux-630",
        "sector": {
          "sx": 2,
          "sy": 0,
          "sz": 3,
        },
        "spectral": "G",
      },
      {
        "id": "2:0:3:6",
        "localPos": [
          56.06778289657086,
          28.265654668211937,
          13.793192454613745,
        ],
        "name": "Tauion-824",
        "sector": {
          "sx": 2,
          "sy": 0,
          "sz": 3,
        },
        "spectral": "G",
      },
      {
        "id": "2:0:3:7",
        "localPos": [
          78.49056844133884,
          78.04070992860943,
          8.955820905975997,
        ],
        "name": "Deneris-135",
        "sector": {
          "sx": 2,
          "sy": 0,
          "sz": 3,
        },
        "spectral": "G",
      },
      {
        "id": "2:0:3:8",
        "localPos": [
          42.4344492610544,
          65.89086747262627,
          23.115839110687375,
        ],
        "name": "Urok-271",
        "sector": {
          "sx": 2,
          "sy": 0,
          "sz": 3,
        },
        "spectral": "G",
      },
      {
        "id": "2:0:3:9",
        "localPos": [
          36.186077748425305,
          46.12292102538049,
          18.561213882640004,
        ],
        "name": "Foon-428",
        "sector": {
          "sx": 2,
          "sy": 0,
          "sz": 3,
        },
        "spectral": "M",
      },
      {
        "id": "2:0:3:10",
        "localPos": [
          81.16030821111053,
          37.77351512107998,
          67.02125170268118,
        ],
        "name": "Lyrir-443",
        "sector": {
          "sx": 2,
          "sy": 0,
          "sz": 3,
        },
        "spectral": "M",
      },
      {
        "id": "2:0:3:11",
        "localPos": [
          64.51050250325352,
          52.057971991598606,
          6.6524030873551965,
        ],
        "name": "Yilerith-145",
        "sector": {
          "sx": 2,
          "sy": 0,
          "sz": 3,
        },
        "spectral": "K",
      },
      {
        "id": "2:0:3:12",
        "localPos": [
          25.311177340336144,
          70.50174013711512,
          3.717705444432795,
        ],
        "name": "Cygerix-108",
        "sector": {
          "sx": 2,
          "sy": 0,
          "sz": 3,
        },
        "spectral": "K",
      },
      {
        "id": "2:0:3:13",
        "localPos": [
          4.286197712644935,
          51.08712937217206,
          2.4277786957100034,
        ],
        "name": "Ishionx-997",
        "sector": {
          "sx": 2,
          "sy": 0,
          "sz": 3,
        },
        "spectral": "A",
      },
      {
        "id": "2:0:3:14",
        "localPos": [
          6.968394503928721,
          4.972864780575037,
          85.78544841147959,
        ],
        "name": "Cygax-757",
        "sector": {
          "sx": 2,
          "sy": 0,
          "sz": 3,
        },
        "spectral": "K",
      },
      {
        "id": "2:0:3:15",
        "localPos": [
          16.998319211415946,
          17.87114553153515,
          81.66449267882854,
        ],
        "name": "Tauionth-129",
        "sector": {
          "sx": 2,
          "sy": 0,
          "sz": 3,
        },
        "spectral": "F",
      },
      {
        "id": "2:0:3:16",
        "localPos": [
          5.258526047691703,
          93.07913463562727,
          29.633850906975567,
        ],
        "name": "Zubarath-839",
        "sector": {
          "sx": 2,
          "sy": 0,
          "sz": 3,
        },
        "spectral": "M",
      },
      {
        "id": "2:0:3:17",
        "localPos": [
          47.07426531240344,
          62.757046055048704,
          27.524354262277484,
        ],
        "name": "Ishiusk-637",
        "sector": {
          "sx": 2,
          "sy": 0,
          "sz": 3,
        },
        "spectral": "G",
      },
      {
        "id": "2:0:3:18",
        "localPos": [
          0.5736054852604866,
          82.8164491802454,
          52.97683940734714,
        ],
        "name": "Siraran-158",
        "sector": {
          "sx": 2,
          "sy": 0,
          "sz": 3,
        },
        "spectral": "M",
      },
      {
        "id": "2:0:3:19",
        "localPos": [
          87.29004361666739,
          16.93635720293969,
          43.19956791587174,
        ],
        "name": "Denos-179",
        "sector": {
          "sx": 2,
          "sy": 0,
          "sz": 3,
        },
        "spectral": "F",
      },
      {
        "id": "2:0:3:20",
        "localPos": [
          46.66009615175426,
          15.013918792828918,
          3.8658800767734647,
        ],
        "name": "Wezulak-818",
        "sector": {
          "sx": 2,
          "sy": 0,
          "sz": 3,
        },
        "spectral": "K",
      },
      {
        "id": "2:0:3:21",
        "localPos": [
          45.7850196165964,
          57.51497074961662,
          35.223871911875904,
        ],
        "name": "Galiusk-906",
        "sector": {
          "sx": 2,
          "sy": 0,
          "sz": 3,
        },
        "spectral": "M",
      },
      {
        "id": "2:0:3:22",
        "localPos": [
          95.42445617262274,
          61.58100548200309,
          87.35496925655752,
        ],
        "name": "Belak-308",
        "sector": {
          "sx": 2,
          "sy": 0,
          "sz": 3,
        },
        "spectral": "G",
      },
      {
        "id": "2:0:3:23",
        "localPos": [
          77.7970225783065,
          29.05930078122765,
          75.0218398636207,
        ],
        "name": "Keliusn-279",
        "sector": {
          "sx": 2,
          "sy": 0,
          "sz": 3,
        },
        "spectral": "M",
      },
      {
        "id": "2:0:3:24",
        "localPos": [
          27.802859130315483,
          95.02513764891773,
          9.815312060527503,
        ],
        "name": "Quios-712",
        "sector": {
          "sx": 2,
          "sy": 0,
          "sz": 3,
        },
        "spectral": "A",
      },
      {
        "id": "2:0:3:25",
        "localPos": [
          1.3821125263348222,
          69.06474975403398,
          79.09895819611847,
        ],
        "name": "Belions-943",
        "sector": {
          "sx": 2,
          "sy": 0,
          "sz": 3,
        },
        "spectral": "M",
      },
      {
        "id": "2:0:3:26",
        "localPos": [
          77.43772412650287,
          88.32860137335956,
          66.66529611684382,
        ],
        "name": "Beleth-930",
        "sector": {
          "sx": 2,
          "sy": 0,
          "sz": 3,
        },
        "spectral": "A",
      },
      {
        "id": "2:0:3:27",
        "localPos": [
          15.528281033039093,
          55.85431903600693,
          8.949144929647446,
        ],
        "name": "Cygulas-113",
        "sector": {
          "sx": 2,
          "sy": 0,
          "sz": 3,
        },
        "spectral": "G",
      },
      {
        "id": "2:0:3:28",
        "localPos": [
          21.366345603019,
          17.31494120322168,
          64.57405090332031,
        ],
        "name": "Elerik-623",
        "sector": {
          "sx": 2,
          "sy": 0,
          "sz": 3,
        },
        "spectral": "K",
      },
      {
        "id": "2:0:3:29",
        "localPos": [
          60.158414812758565,
          82.61262122541666,
          19.209771137684584,
        ],
        "name": "Xiionn-693",
        "sector": {
          "sx": 2,
          "sy": 0,
          "sz": 3,
        },
        "spectral": "K",
      },
      {
        "id": "2:0:3:30",
        "localPos": [
          79.56508323550224,
          7.129451399669051,
          40.5422588577494,
        ],
        "name": "Oriusn-215",
        "sector": {
          "sx": 2,
          "sy": 0,
          "sz": 3,
        },
        "spectral": "G",
      },
      {
        "id": "2:0:3:31",
        "localPos": [
          47.49081670306623,
          7.7154567232355475,
          64.26556627266109,
        ],
        "name": "Eluk-980",
        "sector": {
          "sx": 2,
          "sy": 0,
          "sz": 3,
        },
        "spectral": "K",
      },
      {
        "id": "2:0:3:32",
        "localPos": [
          81.86403147410601,
          45.7986295921728,
          6.501868995837867,
        ],
        "name": "Tauerin-949",
        "sector": {
          "sx": 2,
          "sy": 0,
          "sz": 3,
        },
        "spectral": "M",
      },
      {
        "id": "2:0:3:33",
        "localPos": [
          16.081055672839284,
          12.320856051519513,
          12.791561125777662,
        ],
        "name": "Weziusr-709",
        "sector": {
          "sx": 2,
          "sy": 0,
          "sz": 3,
        },
        "spectral": "G",
      },
      {
        "id": "2:0:3:34",
        "localPos": [
          18.354374985210598,
          53.44906849786639,
          63.66308834403753,
        ],
        "name": "Yilara-529",
        "sector": {
          "sx": 2,
          "sy": 0,
          "sz": 3,
        },
        "spectral": "M",
      },
      {
        "id": "2:0:3:35",
        "localPos": [
          12.527194968424737,
          40.93265819828957,
          53.26493256725371,
        ],
        "name": "Polith-184",
        "sector": {
          "sx": 2,
          "sy": 0,
          "sz": 3,
        },
        "spectral": "M",
      },
      {
        "id": "2:0:3:36",
        "localPos": [
          80.15887383371592,
          8.711791899986565,
          74.11355569493026,
        ],
        "name": "Alix-908",
        "sector": {
          "sx": 2,
          "sy": 0,
          "sz": 3,
        },
        "spectral": "G",
      },
      {
        "id": "2:0:3:37",
        "localPos": [
          99.933260679245,
          61.97029333561659,
          39.032176905311644,
        ],
        "name": "Wezun-969",
        "sector": {
          "sx": 2,
          "sy": 0,
          "sz": 3,
        },
        "spectral": "M",
      },
      {
        "id": "2:0:3:38",
        "localPos": [
          13.672194839455187,
          48.6566926818341,
          42.41287505719811,
        ],
        "name": "Cygux-970",
        "sector": {
          "sx": 2,
          "sy": 0,
          "sz": 3,
        },
        "spectral": "F",
      },
      {
        "id": "2:0:3:39",
        "localPos": [
          53.35001039784402,
          74.04191279783845,
          18.501302297227085,
        ],
        "name": "Orerith-937",
        "sector": {
          "sx": 2,
          "sy": 0,
          "sz": 3,
        },
        "spectral": "M",
      },
      {
        "id": "2:0:3:40",
        "localPos": [
          98.87875646818429,
          57.599650556221604,
          56.239854893647134,
        ],
        "name": "Xia-919",
        "sector": {
          "sx": 2,
          "sy": 0,
          "sz": 3,
        },
        "spectral": "K",
      },
      {
        "id": "2:0:3:41",
        "localPos": [
          68.21371824480593,
          84.96713303029537,
          34.65347783640027,
        ],
        "name": "Tauax-824",
        "sector": {
          "sx": 2,
          "sy": 0,
          "sz": 3,
        },
        "spectral": "M",
      },
      {
        "id": "2:0:3:42",
        "localPos": [
          82.38116186112165,
          22.838212945498526,
          36.103451694361866,
        ],
        "name": "Zuban-600",
        "sector": {
          "sx": 2,
          "sy": 0,
          "sz": 3,
        },
        "spectral": "K",
      },
      {
        "id": "2:0:3:43",
        "localPos": [
          38.66435212548822,
          69.99507436994463,
          32.42306066676974,
        ],
        "name": "Miraulas-879",
        "sector": {
          "sx": 2,
          "sy": 0,
          "sz": 3,
        },
        "spectral": "M",
      },
      {
        "id": "2:0:3:44",
        "localPos": [
          78.5646969685331,
          9.443735098466277,
          54.708528984338045,
        ],
        "name": "Tauerith-862",
        "sector": {
          "sx": 2,
          "sy": 0,
          "sz": 3,
        },
        "spectral": "G",
      },
    ],
  },
  "system": {
    "planets": [
      {
        "hasLife": false,
        "id": "2:0:3:0:p0",
        "index": 0,
        "kind": "gas",
        "name": "Fenios",
        "orbitAu": 0.8693745659664274,
        "paletteSeed": 475885877,
        "radius": 2.988631620304659,
        "starId": "2:0:3:0",
      },
      {
        "hasLife": true,
        "id": "2:0:3:0:p1",
        "index": 1,
        "kind": "rocky",
        "name": "Ossantha",
        "orbitAu": 1.4835169310681522,
        "paletteSeed": 1742309281,
        "radius": 1.2867952782660723,
        "starId": "2:0:3:0",
      },
      {
        "hasLife": false,
        "id": "2:0:3:0:p2",
        "index": 2,
        "kind": "rocky",
        "name": "Caloth",
        "orbitAu": 1.9527202871628104,
        "paletteSeed": 1501090977,
        "radius": 1.1278887266293167,
        "starId": "2:0:3:0",
      },
      {
        "hasLife": false,
        "id": "2:0:3:0:p3",
        "index": 3,
        "kind": "rocky",
        "name": "Rhouna",
        "orbitAu": 2.638703945558518,
        "paletteSeed": 900307886,
        "radius": 1.299219576921314,
        "starId": "2:0:3:0",
      },
      {
        "hasLife": true,
        "id": "2:0:3:0:p4",
        "index": 4,
        "kind": "rocky",
        "name": "Brenantha",
        "orbitAu": 3.144137146975845,
        "paletteSeed": 390977817,
        "radius": 1.5643583967350425,
        "starId": "2:0:3:0",
      },
      {
        "hasLife": false,
        "id": "2:0:3:0:p5",
        "index": 5,
        "kind": "gas",
        "name": "Ossmir",
        "orbitAu": 3.80763330720365,
        "paletteSeed": 711389323,
        "radius": 3.8283657582942396,
        "starId": "2:0:3:0",
      },
      {
        "hasLife": false,
        "id": "2:0:3:0:p6",
        "index": 6,
        "kind": "rocky",
        "name": "Gorys",
        "orbitAu": 4.421375903114677,
        "paletteSeed": 326798371,
        "radius": 0.5532456120476127,
        "starId": "2:0:3:0",
      },
    ],
    "starId": "2:0:3:0",
  },
}
`;
